Archive member included because of file (symbol)

.\CortexM0\ARM_GCC_484\Debug\BLE Lab 1.a(cyfitter_cfg.o)
                              .\CortexM0\ARM_GCC_484\Debug\Cm0Start.o (cyfitter_cfg)
.\CortexM0\ARM_GCC_484\Debug\BLE Lab 1.a(PWM.o)
                              .\CortexM0\ARM_GCC_484\Debug\main.o (PWM_WriteCompare)
.\CortexM0\ARM_GCC_484\Debug\BLE Lab 1.a(BLE.o)
                              .\CortexM0\ARM_GCC_484\Debug\main.o (CyBle_Start)
.\CortexM0\ARM_GCC_484\Debug\BLE Lab 1.a(BLE_gatt.o)
                              .\CortexM0\ARM_GCC_484\Debug\BLE Lab 1.a(BLE.o) (cyBle_state)
.\CortexM0\ARM_GCC_484\Debug\BLE Lab 1.a(BLE_ias.o)
                              .\CortexM0\ARM_GCC_484\Debug\BLE Lab 1.a(BLE.o) (CyBle_IasInit)
.\CortexM0\ARM_GCC_484\Debug\BLE Lab 1.a(BLE_eventHandler.o)
                              .\CortexM0\ARM_GCC_484\Debug\BLE Lab 1.a(BLE.o) (cyBle_eventHandlerFlag)
.\CortexM0\ARM_GCC_484\Debug\BLE Lab 1.a(CyBootAsmGnu.o)
                              .\CortexM0\ARM_GCC_484\Debug\BLE Lab 1.a(cyfitter_cfg.o) (CyDelayCycles)
.\CortexM0\ARM_GCC_484\Debug\BLE Lab 1.a(CyLib.o)
                              .\CortexM0\ARM_GCC_484\Debug\BLE Lab 1.a(cyfitter_cfg.o) (CySysClkWriteImoFreq)
C:\cypaseer\PSoC Creator\3.2\PSoC Creator\psoc\content\cycomponentlibrary\CyComponentLibrary.cylib\BLE_v2_0\Library\gccCyBLEStack_BLE_SOC_PERIPHERAL.a(CyBle.o)
                              .\CortexM0\ARM_GCC_484\Debug\main.o (CyBle_ProcessEvents)
C:\cypaseer\PSoC Creator\3.2\PSoC Creator\psoc\content\cycomponentlibrary\CyComponentLibrary.cylib\BLE_v2_0\Library\gccCyBLEStack_BLE_SOC_PERIPHERAL.a(CyBleStackMgrIP_Interface.o)
                              C:\cypaseer\PSoC Creator\3.2\PSoC Creator\psoc\content\cycomponentlibrary\CyComponentLibrary.cylib\BLE_v2_0\Library\gccCyBLEStack_BLE_SOC_PERIPHERAL.a(CyBle.o) (CyBleStackMgr_Init)
C:\cypaseer\PSoC Creator\3.2\PSoC Creator\psoc\content\cycomponentlibrary\CyComponentLibrary.cylib\BLE_v2_0\Library\gccCyBLEStack_BLE_SOC_PERIPHERAL.a(BT_os.o)
                              C:\cypaseer\PSoC Creator\3.2\PSoC Creator\psoc\content\cycomponentlibrary\CyComponentLibrary.cylib\BLE_v2_0\Library\gccCyBLEStack_BLE_SOC_PERIPHERAL.a(CyBleStackMgrIP_Interface.o) (cyBleStackMemoryConfig)
C:\cypaseer\PSoC Creator\3.2\PSoC Creator\psoc\content\cycomponentlibrary\CyComponentLibrary.cylib\BLE_v2_0\Library\gccCyBLEStack_BLE_SOC_PERIPHERAL.a(CyBleStackMgr_StackTaskHandler.o)
                              C:\cypaseer\PSoC Creator\3.2\PSoC Creator\psoc\content\cycomponentlibrary\CyComponentLibrary.cylib\BLE_v2_0\Library\gccCyBLEStack_BLE_SOC_PERIPHERAL.a(CyBleStackMgrIP_Interface.o) (CyBle_CreateBleStackTask)
C:\cypaseer\PSoC Creator\3.2\PSoC Creator\psoc\content\cycomponentlibrary\CyComponentLibrary.cylib\BLE_v2_0\Library\gccCyBLEStack_BLE_SOC_PERIPHERAL.a(transport_sf.o)
                              C:\cypaseer\PSoC Creator\3.2\PSoC Creator\psoc\content\cycomponentlibrary\CyComponentLibrary.cylib\BLE_v2_0\Library\gccCyBLEStack_BLE_SOC_PERIPHERAL.a(CyBleStackMgr_StackTaskHandler.o) (hci_soft_transport_notify_data_received)
C:\cypaseer\PSoC Creator\3.2\PSoC Creator\psoc\content\cycomponentlibrary\CyComponentLibrary.cylib\BLE_v2_0\Library\gccCyBLEStack_BLE_SOC_PERIPHERAL.a(CyBleStackMgr_PSoCHal.o)
                              C:\cypaseer\PSoC Creator\3.2\PSoC Creator\psoc\content\cycomponentlibrary\CyComponentLibrary.cylib\BLE_v2_0\Library\gccCyBLEStack_BLE_SOC_PERIPHERAL.a(CyBleStackMgrIP_Interface.o) (CyBleStackMgr_HalInit)
C:\cypaseer\PSoC Creator\3.2\PSoC Creator\psoc\content\cycomponentlibrary\CyComponentLibrary.cylib\BLE_v2_0\Library\gccCyBLEStack_BLE_SOC_PERIPHERAL.a(CyBleStackMgr_BleSSDriver.o)
                              C:\cypaseer\PSoC Creator\3.2\PSoC Creator\psoc\content\cycomponentlibrary\CyComponentLibrary.cylib\BLE_v2_0\Library\gccCyBLEStack_BLE_SOC_PERIPHERAL.a(CyBleStackMgrIP_Interface.o) (CyBleStackMgr_BleSSInit)
C:\cypaseer\PSoC Creator\3.2\PSoC Creator\psoc\content\cycomponentlibrary\CyComponentLibrary.cylib\BLE_v2_0\Library\gccCyBLEStack_BLE_SOC_PERIPHERAL.a(config_bin.o)
                              C:\cypaseer\PSoC Creator\3.2\PSoC Creator\psoc\content\cycomponentlibrary\CyComponentLibrary.cylib\BLE_v2_0\Library\gccCyBLEStack_BLE_SOC_PERIPHERAL.a(CyBleStackMgr_PSoCHal.o) (bt_cfg_pdata)
C:\cypaseer\PSoC Creator\3.2\PSoC Creator\psoc\content\cycomponentlibrary\CyComponentLibrary.cylib\BLE_v2_0\Library\gccCyBLEStack_BLE_SOC_PERIPHERAL.a(mint_os.o)
                              C:\cypaseer\PSoC Creator\3.2\PSoC Creator\psoc\content\cycomponentlibrary\CyComponentLibrary.cylib\BLE_v2_0\Library\gccCyBLEStack_BLE_SOC_PERIPHERAL.a(CyBleStackMgrIP_Interface.o) (OS_init)
C:\cypaseer\PSoC Creator\3.2\PSoC Creator\psoc\content\cycomponentlibrary\CyComponentLibrary.cylib\BLE_v2_0\Library\gccCyBLEStack_BLE_SOC_PERIPHERAL.a(mint_os_queue.o)
[...]
Memory Configuration

Name             Origin             Length             Attributes
rom              0x00000000         0x00020000         xr
ram              0x20000000         0x00004000         xrw
*default*        0x00000000         0xffffffff

Linker script and memory map

LOAD c:/cypaseer/psoc creator/3.2/psoc creator/import/gnu/arm/4.8.4/bin/../lib/gcc/arm-none-eabi/4.8.4/armv6-m/crti.o
LOAD c:/cypaseer/psoc creator/3.2/psoc creator/import/gnu/arm/4.8.4/bin/../lib/gcc/arm-none-eabi/4.8.4/armv6-m/crtbegin.o
LOAD c:/cypaseer/psoc creator/3.2/psoc creator/import/gnu/arm/4.8.4/bin/../lib/gcc/arm-none-eabi/4.8.4/../../../../arm-none-eabi/lib/armv6-m/crt0.o
START GROUP
LOAD .\CortexM0\ARM_GCC_484\Debug\main.o
LOAD .\CortexM0\ARM_GCC_484\Debug\cymetadata.o
LOAD .\CortexM0\ARM_GCC_484\Debug\Cm0Start.o
LOAD .\CortexM0\ARM_GCC_484\Debug\BLE Lab 1.a
LOAD C:\cypaseer\PSoC Creator\3.2\PSoC Creator\psoc\content\cycomponentlibrary\CyComponentLibrary.cylib\BLE_v2_0\Library\gccCyBLEStack_BLE_SOC_PERIPHERAL.a
LOAD C:\cypaseer\PSoC Creator\3.2\PSoC Creator\psoc\content\cycomponentlibrary\CyComponentLibrary.cylib\CortexM0\ARM_GCC_484\Debug\CyComponentLibrary.a
END GROUP
START GROUP
LOAD c:/cypaseer/psoc creator/3.2/psoc creator/import/gnu/arm/4.8.4/bin/../lib/gcc/arm-none-eabi/4.8.4/armv6-m\libgcc.a
LOAD c:/cypaseer/psoc creator/3.2/psoc creator/import/gnu/arm/4.8.4/bin/../lib/gcc/arm-none-eabi/4.8.4/../../../../arm-none-eabi/lib/armv6-m\libg_s.a
LOAD c:/cypaseer/psoc creator/3.2/psoc creator/import/gnu/arm/4.8.4/bin/../lib/gcc/arm-none-eabi/4.8.4/../../../../arm-none-eabi/lib/armv6-m\libc_s.a
END GROUP
START GROUP
LOAD c:/cypaseer/psoc creator/3.2/psoc creator/import/gnu/arm/4.8.4/bin/../lib/gcc/arm-none-eabi/4.8.4/armv6-m\libgcc.a
LOAD c:/cypaseer/psoc creator/3.2/psoc creator/import/gnu/arm/4.8.4/bin/../lib/gcc/arm-none-eabi/4.8.4/../../../../arm-none-eabi/lib/armv6-m\libc_s.a
END GROUP
LOAD c:/cypaseer/psoc creator/3.2/psoc creator/import/gnu/arm/4.8.4/bin/../lib/gcc/arm-none-eabi/4.8.4/armv6-m/crtend.o
LOAD c:/cypaseer/psoc creator/3.2/psoc creator/import/gnu/arm/4.8.4/bin/../lib/gcc/arm-none-eabi/4.8.4/armv6-m/crtn.o
START GROUP
LOAD c:/cypaseer/psoc creator/3.2/psoc creator/import/gnu/arm/4.8.4/bin/../lib/gcc/arm-none-eabi/4.8.4/armv6-m\libgcc.a
LOAD c:/cypaseer/psoc creator/3.2/psoc creator/import/gnu/arm/4.8.4/bin/../lib/gcc/arm-none-eabi/4.8.4/../../../../arm-none-eabi/lib/armv6-m\libc.a
LOAD c:/cypaseer/psoc creator/3.2/psoc creator/import/gnu/arm/4.8.4/bin/../lib/gcc/arm-none-eabi/4.8.4/../../../../arm-none-eabi/lib/armv6-m\libnosys.a
END GROUP
                0x00000000                CY_APPL_ORIGIN = 0x0
                0x00000080                CY_FLASH_ROW_SIZE = 0x80
                0x00000001                CY_APPL_NUM = 0x1
                0x00000040                CY_METADATA_SIZE = 0x40
                0x20001cf0                PROVIDE (__cy_heap_start, _end)
                0x00000001                PROVIDE (__cy_region_num, ((__cy_regions_end - __cy_regions) / 0x10))
                0x20004000                PROVIDE (__cy_stack, (ORIGIN (ram) + 0x4000))
                0x20003800                PROVIDE (__cy_heap_end, (__cy_stack - 0x800))

.cybootloader   0x00000000        0x0
 *(.cybootloader)
                0x00000000                appl1_start = CY_APPL_ORIGIN?CY_APPL_ORIGIN:ALIGN (CY_FLASH_ROW_SIZE)
                0x0000ff80                appl2_start = (appl1_start + ALIGN ((((0x20000 - appl1_start) - (0x2 * CY_FLASH_ROW_SIZE)) / 0x2), CY_FLASH_ROW_SIZE))
                0x00000000                appl_start = (CY_APPL_NUM == 0x1)?appl1_start:appl2_start

.text           0x00000000     0x176c
 CREATE_OBJECT_SYMBOLS
                0x00000000                PROVIDE (__cy_interrupt_vector, RomVectors)
 *(.romvectors)
 .romvectors    0x00000000       0x10 .\CortexM0\ARM_GCC_484\Debug\Cm0Start.o
                0x00000000                RomVectors
                0x00000001                ASSERT ((. != __cy_interrupt_vector), No interrupt vector)
                0x00000001                ASSERT (CY_APPL_ORIGIN?(SIZEOF (.cybootloader) <= CY_APPL_ORIGIN):0x1, Wrong image location)
                0x00000010                PROVIDE (__cy_reset, Reset)
 *(.text.Reset)
 .text.Reset    0x00000010        0x8 .\CortexM0\ARM_GCC_484\Debug\Cm0Start.o
                0x00000010                Reset
                0x00000001                ASSERT ((. != __cy_reset), No reset code)
 *(.psocinit)
 .psocinit      0x00000018      0x200 .\CortexM0\ARM_GCC_484\Debug\BLE Lab 1.a(cyfitter_cfg.o)
                0x000000ec                cyfitter_cfg
                0x00000218                . = MAX (., 0x100)
 *(.text .text.* .gnu.linkonce.t.*)
 .text          0x00000218       0x60 c:/cypaseer/psoc creator/3.2/psoc creator/import/gnu/arm/4.8.4/bin/../lib/gcc/arm-none-eabi/4.8.4/armv6-m/crtbegin.o
 .text.main     0x00000278       0x28 .\CortexM0\ARM_GCC_484\Debug\main.o
                0x00000278                main
 .text.StackEventHandler
                0x000002a0       0x38 .\CortexM0\ARM_GCC_484\Debug\main.o
                0x000002a0                StackEventHandler
 .text.IasEventHandler
                0x000002d8       0x34 .\CortexM0\ARM_GCC_484\Debug\main.o
                0x000002d8                IasEventHandler
 .text.HandleAlertLEDs
                0x0000030c       0x40 .\CortexM0\ARM_GCC_484\Debug\main.o
                0x0000030c                HandleAlertLEDs
 .text.IntDefaultHandler
                0x0000034c        0x8 .\CortexM0\ARM_GCC_484\Debug\Cm0Start.o
                0x0000034c                IntDefaultHandler
 .text.Start_c  0x00000354       0x98 .\CortexM0\ARM_GCC_484\Debug\Cm0Start.o
                0x00000354                Start_c
 .text.initialize_psoc
                0x000003ec       0x70 .\CortexM0\ARM_GCC_484\Debug\Cm0Start.o
                0x000003ec                initialize_psoc
 .text.CYMEMZERO
                0x0000045c       0x20 .\CortexM0\ARM_GCC_484\Debug\BLE Lab 1.a(cyfitter_cfg.o)
 .text.cfg_write_bytes32
                0x0000047c       0x80 .\CortexM0\ARM_GCC_484\Debug\BLE Lab 1.a(cyfitter_cfg.o)
 .text.AnalogSetDefault
                0x000004fc       0x28 .\CortexM0\ARM_GCC_484\Debug\BLE Lab 1.a(cyfitter_cfg.o)
 .text.PWM_Init
                0x00000524       0x54 .\CortexM0\ARM_GCC_484\Debug\BLE Lab 1.a(PWM.o)
                0x00000524                PWM_Init
 .text.PWM_Enable
                0x00000578       0x38 .\CortexM0\ARM_GCC_484\Debug\BLE Lab 1.a(PWM.o)
                0x00000578                PWM_Enable
 .text.PWM_Start
                0x000005b0       0x24 .\CortexM0\ARM_GCC_484\Debug\BLE Lab 1.a(PWM.o)
                0x000005b0                PWM_Start
 .text.PWM_WriteCounter
                0x000005d4       0x1c .\CortexM0\ARM_GCC_484\Debug\BLE Lab 1.a(PWM.o)
                0x000005d4                PWM_WriteCounter
 .text.PWM_WritePeriod
                0x000005f0       0x1c .\CortexM0\ARM_GCC_484\Debug\BLE Lab 1.a(PWM.o)
                0x000005f0                PWM_WritePeriod
 .text.PWM_WriteCompare
                0x0000060c       0x1c .\CortexM0\ARM_GCC_484\Debug\BLE Lab 1.a(PWM.o)
                0x0000060c                PWM_WriteCompare
 .text.PWM_TriggerCommand
                0x00000628       0x3c .\CortexM0\ARM_GCC_484\Debug\BLE Lab 1.a(PWM.o)
                0x00000628                PWM_TriggerCommand
 .text.PWM_SetInterruptMode
                0x00000664       0x18 .\CortexM0\ARM_GCC_484\Debug\BLE Lab 1.a(PWM.o)
                0x00000664                PWM_SetInterruptMode
 .text.CyBle_Init
                0x0000067c       0x2c .\CortexM0\ARM_GCC_484\Debug\BLE Lab 1.a(BLE.o)
                0x0000067c                CyBle_Init
 .text.CyBle_ServiceInit
                0x000006a8        0xc .\CortexM0\ARM_GCC_484\Debug\BLE Lab 1.a(BLE.o)
                0x000006a8                CyBle_ServiceInit
 .text.CyBle_Start
                0x000006b4       0xb0 .\CortexM0\ARM_GCC_484\Debug\BLE Lab 1.a(BLE.o)
                0x000006b4                CyBle_Start
 .text.CyBle_GappStartAdvertisement
                0x00000764       0xd4 .\CortexM0\ARM_GCC_484\Debug\BLE Lab 1.a(BLE.o)
                0x00000764                CyBle_GappStartAdvertisement
 .text.CyBle_ChangeAdDeviceAddress
                0x00000838       0x60 .\CortexM0\ARM_GCC_484\Debug\BLE Lab 1.a(BLE.o)
                0x00000838                CyBle_ChangeAdDeviceAddress
 .text.CyBle_Get16ByPtr
                0x00000898       0x24 .\CortexM0\ARM_GCC_484\Debug\BLE Lab 1.a(BLE.o)
                0x00000898                CyBle_Get16ByPtr
 .text.CyBle_GattsWriteEventHandler
                0x000008bc       0xa0 .\CortexM0\ARM_GCC_484\Debug\BLE Lab 1.a(BLE_gatt.o)
                0x000008bc                CyBle_GattsWriteEventHandler
 .text.CyBle_IasInit
                0x0000095c        0x8 .\CortexM0\ARM_GCC_484\Debug\BLE Lab 1.a(BLE_ias.o)
                0x0000095c                CyBle_IasInit
 .text.CyBle_IasRegisterAttrCallback
                0x00000964       0x18 .\CortexM0\ARM_GCC_484\Debug\BLE Lab 1.a(BLE_ias.o)
                0x00000964                CyBle_IasRegisterAttrCallback
 .text.CyBle_IassDisconnectEventHandler
                0x0000097c       0x38 .\CortexM0\ARM_GCC_484\Debug\BLE Lab 1.a(BLE_ias.o)
                0x0000097c                CyBle_IassDisconnectEventHandler
 .text.CyBle_IassWriteCmdEventHandler
                0x000009b4       0x94 .\CortexM0\ARM_GCC_484\Debug\BLE Lab 1.a(BLE_ias.o)
                0x000009b4                CyBle_IassWriteCmdEventHandler
 .text.CyBle_IassGetCharacteristicValue
                0x00000a48       0x78 .\CortexM0\ARM_GCC_484\Debug\BLE Lab 1.a(BLE_ias.o)
                0x00000a48                CyBle_IassGetCharacteristicValue
 .text.CyBle_WriteReqHandler
                0x00000ac0       0x70 .\CortexM0\ARM_GCC_484\Debug\BLE Lab 1.a(BLE_eventHandler.o)
 .text.CyBle_ValueConfirmation
                0x00000b30       0x10 .\CortexM0\ARM_GCC_484\Debug\BLE Lab 1.a(BLE_eventHandler.o)
 .text.CyBle_GattDisconnectEventHandler
                0x00000b40       0x1c .\CortexM0\ARM_GCC_484\Debug\BLE Lab 1.a(BLE_eventHandler.o)
 .text.CyBle_TimeOutEventHandler
                0x00000b5c       0x10 .\CortexM0\ARM_GCC_484\Debug\BLE Lab 1.a(BLE_eventHandler.o)
 .text.CyBle_GattConnectReqHandler
                0x00000b6c        0x8 .\CortexM0\ARM_GCC_484\Debug\BLE Lab 1.a(BLE_eventHandler.o)
 .text.CyBle_IsDeviceAddressValid
                0x00000b74       0x60 .\CortexM0\ARM_GCC_484\Debug\BLE Lab 1.a(BLE_eventHandler.o)
 .text.CyBle_L2Cap_ConnParamUpdateRspEventHandler
                0x00000bd4       0x14 .\CortexM0\ARM_GCC_484\Debug\BLE Lab 1.a(BLE_eventHandler.o)
 .text.CyBle_GapConnUpdateCompleteEventHandler
                0x00000be8       0x10 .\CortexM0\ARM_GCC_484\Debug\BLE Lab 1.a(BLE_eventHandler.o)
 .text.CyBle_EventHandler
                0x00000bf8      0x2d4 .\CortexM0\ARM_GCC_484\Debug\BLE Lab 1.a(BLE_eventHandler.o)
                0x00000bf8                CyBle_EventHandler
 *fill*         0x00000ecc        0x4 
 .text          0x00000ed0       0x20 .\CortexM0\ARM_GCC_484\Debug\BLE Lab 1.a(CyBootAsmGnu.o)
                0x00000ed0                CyDelayCycles
                0x00000ee2                CyEnterCriticalSection
                0x00000eea                CyExitCriticalSection
 .text.CySysClkWcoSetHighPowerMode
                0x00000ef0       0x3c .\CortexM0\ARM_GCC_484\Debug\BLE Lab 1.a(CyLib.o)
 .text.CySysClkWcoSetLowPowerMode
                0x00000f2c       0x48 .\CortexM0\ARM_GCC_484\Debug\BLE Lab 1.a(CyLib.o)
 .text.CySysClkWriteImoFreq
                0x00000f74      0x1e0 .\CortexM0\ARM_GCC_484\Debug\BLE Lab 1.a(CyLib.o)
                0x00000f74                CySysClkWriteImoFreq
 .text.CySysClkEcoStart
                0x00001154       0x74 .\CortexM0\ARM_GCC_484\Debug\BLE Lab 1.a(CyLib.o)
                0x00001154                CySysClkEcoStart
 .text.CySysClkEcoReadStatus
                0x000011c8       0x18 .\CortexM0\ARM_GCC_484\Debug\BLE Lab 1.a(CyLib.o)
                0x000011c8                CySysClkEcoReadStatus
 .text.CySysClkWcoStart
                0x000011e0       0x20 .\CortexM0\ARM_GCC_484\Debug\BLE Lab 1.a(CyLib.o)
                0x000011e0                CySysClkWcoStart
 .text.CySysClkWcoSetPowerMode
                0x00001200       0x40 .\CortexM0\ARM_GCC_484\Debug\BLE Lab 1.a(CyLib.o)
                0x00001200                CySysClkWcoSetPowerMode
 .text.CyHalt   0x00001240       0x14 .\CortexM0\ARM_GCC_484\Debug\BLE Lab 1.a(CyLib.o)
                0x00001240                CyHalt
 .text.CyDelay  0x00001254       0x48 .\CortexM0\ARM_GCC_484\Debug\BLE Lab 1.a(CyLib.o)
                0x00001254                CyDelay
 .text.CyDelayUs
                0x0000129c       0x28 .\CortexM0\ARM_GCC_484\Debug\BLE Lab 1.a(CyLib.o)
                0x0000129c                CyDelayUs
 .text.CyBLE_Bless_LlRegWrite
                0x000012c4       0x1c .\CortexM0\ARM_GCC_484\Debug\BLE Lab 1.a(BLE_HAL_PVT.o)
                0x000012c4                CyBLE_Bless_LlRegWrite
 .text.CyBLE_Bless_RfRegWrite
                0x000012e0       0x1c .\CortexM0\ARM_GCC_484\Debug\BLE Lab 1.a(BLE_HAL_PVT.o)
                0x000012e0                CyBLE_Bless_RfRegWrite
 .text.CyBLE_BlessDeviceConfig
                0x000012fc      0x110 .\CortexM0\ARM_GCC_484\Debug\BLE Lab 1.a(BLE_HAL_PVT.o)
                0x000012fc                CyBLE_BlessDeviceConfig
 .text.CyBleHal_DelayUs
                0x0000140c       0x1c .\CortexM0\ARM_GCC_484\Debug\BLE Lab 1.a(BLE_HAL_PVT.o)
                0x0000140c                CyBleHal_DelayUs
 .text.CyBleHal_DelayMs
                0x00001428       0x18 .\CortexM0\ARM_GCC_484\Debug\BLE Lab 1.a(BLE_HAL_PVT.o)
                0x00001428                CyBleHal_DelayMs
 .text.CyBleHal_EnableGlobalInterrupts
                0x00001440        0xc .\CortexM0\ARM_GCC_484\Debug\BLE Lab 1.a(BLE_HAL_PVT.o)
                0x00001440                CyBleHal_EnableGlobalInterrupts
 .text.CyBleHal_DisableGlobalInterrupts
                0x0000144c        0xc .\CortexM0\ARM_GCC_484\Debug\BLE Lab 1.a(BLE_HAL_PVT.o)
                0x0000144c                CyBleHal_DisableGlobalInterrupts
 .text.CyBle_HalInit
                0x00001458       0x20 .\CortexM0\ARM_GCC_484\Debug\BLE Lab 1.a(BLE_HAL_PVT.o)
                0x00001458                CyBle_HalInit
 .text.CYBLE_BlessStart
                0x00001478       0x14 .\CortexM0\ARM_GCC_484\Debug\BLE Lab 1.a(BLE_HAL_PVT.o)
                0x00001478                CYBLE_BlessStart
 .text.BLE_bless_isr_StartEx
                0x0000148c       0x24 .\CortexM0\ARM_GCC_484\Debug\BLE Lab 1.a(BLE_bless_isr.o)
                0x0000148c                BLE_bless_isr_StartEx
 .text.BLE_bless_isr_SetVector
                0x000014b0       0x18 .\CortexM0\ARM_GCC_484\Debug\BLE Lab 1.a(BLE_bless_isr.o)
                0x000014b0                BLE_bless_isr_SetVector
 .text.BLE_bless_isr_SetPriority
                0x000014c8       0x50 .\CortexM0\ARM_GCC_484\Debug\BLE Lab 1.a(BLE_bless_isr.o)
                0x000014c8                BLE_bless_isr_SetPriority
 .text.BLE_bless_isr_Enable
                0x00001518       0x14 .\CortexM0\ARM_GCC_484\Debug\BLE Lab 1.a(BLE_bless_isr.o)
                0x00001518                BLE_bless_isr_Enable
 .text.BLE_bless_isr_Disable
                0x0000152c       0x14 .\CortexM0\ARM_GCC_484\Debug\BLE Lab 1.a(BLE_bless_isr.o)
                0x0000152c                BLE_bless_isr_Disable
 .text.CySysPmSleep
                0x00001540       0x34 .\CortexM0\ARM_GCC_484\Debug\BLE Lab 1.a(cyPm.o)
                0x00001540                CySysPmSleep
 .text.CyBLE_Bless_Interrupt
                0x00001574        0xc .\CortexM0\ARM_GCC_484\Debug\BLE Lab 1.a(BLE_HAL_INT.o)
                0x00001574                CyBLE_Bless_Interrupt
 .text          0x00001580       0x9c c:/cypaseer/psoc creator/3.2/psoc creator/import/gnu/arm/4.8.4/bin/../lib/gcc/arm-none-eabi/4.8.4/armv6-m\libgcc.a(_udivsi3.o)
                0x00001580                __aeabi_uidiv
                0x00001580                __udivsi3
                0x00001608                __aeabi_uidivmod
 .text          0x0000161c       0xc0 c:/cypaseer/psoc creator/3.2/psoc creator/import/gnu/arm/4.8.4/bin/../lib/gcc/arm-none-eabi/4.8.4/armv6-m\libgcc.a(_divsi3.o)
                0x0000161c                __divsi3
                0x0000161c                __aeabi_idiv
                0x000016c8                __aeabi_idivmod
 .text          0x000016dc        0x4 c:/cypaseer/psoc creator/3.2/psoc creator/import/gnu/arm/4.8.4/bin/../lib/gcc/arm-none-eabi/4.8.4/armv6-m\libgcc.a(_dvmd_tls.o)
                0x000016dc                __aeabi_idiv0
                0x000016dc                __aeabi_ldiv0
 .text.__libc_init_array
                0x000016e0       0x4c c:/cypaseer/psoc creator/3.2/psoc creator/import/gnu/arm/4.8.4/bin/../lib/gcc/arm-none-eabi/4.8.4/../../../../arm-none-eabi/lib/armv6-m\libg_s.a(lib_a-init.o)
                0x000016e0                __libc_init_array
 .text.memcmp   0x0000172c       0x1e c:/cypaseer/psoc creator/3.2/psoc creator/import/gnu/arm/4.8.4/bin/../lib/gcc/arm-none-eabi/4.8.4/../../../../arm-none-eabi/lib/armv6-m\libg_s.a(lib_a-memcmp.o)
                0x0000172c                memcmp
 .text.memcpy   0x0000174a       0x12 c:/cypaseer/psoc creator/3.2/psoc creator/import/gnu/arm/4.8.4/bin/../lib/gcc/arm-none-eabi/4.8.4/../../../../arm-none-eabi/lib/armv6-m\libg_s.a(lib_a-memcpy-stub.o)
                0x0000174a                memcpy
 .text.memset   0x0000175c       0x10 c:/cypaseer/psoc creator/3.2/psoc creator/import/gnu/arm/4.8.4/bin/../lib/gcc/arm-none-eabi/4.8.4/../../../../arm-none-eabi/lib/armv6-m\libg_s.a(lib_a-memset.o)
                0x0000175c                memset
 *(.plt)
 *(.gnu.warning)
 *(.glue_7t)
 .glue_7t       0x00000000        0x0 linker stubs
 *(.glue_7)
 .glue_7        0x00000000        0x0 linker stubs
 *(.vfp11_veneer)
 .vfp11_veneer  0x00000000        0x0 linker stubs
 *(.bootloader)
 *(.ARM.extab* .gnu.linkonce.armextab.*)
 *(.gcc_except_table)

.v4_bx          0x0000176c        0x0
 .v4_bx         0x00000000        0x0 linker stubs

.iplt           0x0000176c        0x0
 .iplt          0x00000000        0x0 c:/cypaseer/psoc creator/3.2/psoc creator/import/gnu/arm/4.8.4/bin/../lib/gcc/arm-none-eabi/4.8.4/armv6-m/crtbegin.o

i.CyBle_ExitLPM
                0x0000176c        0x8
 i.CyBle_ExitLPM
                0x0000176c        0x8 C:\cypaseer\PSoC Creator\3.2\PSoC Creator\psoc\content\cycomponentlibrary\CyComponentLibrary.cylib\BLE_v2_0\Library\gccCyBLEStack_BLE_SOC_PERIPHERAL.a(CyBle.o)
                0x0000176c                CyBle_ExitLPM

i.CyBle_ProcessEvents
                0x00001774        0x8
 i.CyBle_ProcessEvents
                0x00001774        0x8 C:\cypaseer\PSoC Creator\3.2\PSoC Creator\psoc\content\cycomponentlibrary\CyComponentLibrary.cylib\BLE_v2_0\Library\gccCyBLEStack_BLE_SOC_PERIPHERAL.a(CyBle.o)
                0x00001774                CyBle_ProcessEvents

i.CyBle_SetDeviceAddress
                0x0000177c       0x24
 i.CyBle_SetDeviceAddress
                0x0000177c       0x24 C:\cypaseer\PSoC Creator\3.2\PSoC Creator\psoc\content\cycomponentlibrary\CyComponentLibrary.cylib\BLE_v2_0\Library\gccCyBLEStack_BLE_SOC_PERIPHERAL.a(CyBle.o)
                0x0000177c                CyBle_SetDeviceAddress

i.CyBle_StackInit
                0x000017a0       0x80
 i.CyBle_StackInit
                0x000017a0       0x80 C:\cypaseer\PSoC Creator\3.2\PSoC Creator\psoc\content\cycomponentlibrary\CyComponentLibrary.cylib\BLE_v2_0\Library\gccCyBLEStack_BLE_SOC_PERIPHERAL.a(CyBle.o)
                0x000017a0                CyBle_StackInit

i.CyBleStackMgr_Init
                0x00001820       0xb4
 i.CyBleStackMgr_Init
                0x00001820       0xb4 C:\cypaseer\PSoC Creator\3.2\PSoC Creator\psoc\content\cycomponentlibrary\CyComponentLibrary.cylib\BLE_v2_0\Library\gccCyBLEStack_BLE_SOC_PERIPHERAL.a(CyBleStackMgrIP_Interface.o)
                0x00001820                CyBleStackMgr_Init

i.CyBleStackMgr_ProcessBleEvents
                0x000018d4       0x14
 i.CyBleStackMgr_ProcessBleEvents
                0x000018d4       0x14 C:\cypaseer\PSoC Creator\3.2\PSoC Creator\psoc\content\cycomponentlibrary\CyComponentLibrary.cylib\BLE_v2_0\Library\gccCyBLEStack_BLE_SOC_PERIPHERAL.a(CyBleStackMgrIP_Interface.o)
                0x000018d4                CyBleStackMgr_ProcessBleEvents

i.CyBle_GetHeapMemory
                0x000018e8       0x28
 i.CyBle_GetHeapMemory
                0x000018e8       0x28 C:\cypaseer\PSoC Creator\3.2\PSoC Creator\psoc\content\cycomponentlibrary\CyComponentLibrary.cylib\BLE_v2_0\Library\gccCyBLEStack_BLE_SOC_PERIPHERAL.a(CyBleStackMgrIP_Interface.o)
                0x000018e8                CyBle_GetHeapMemory

i.CyBle_GetNumAppBufferPools
                0x00001910        0xc
 i.CyBle_GetNumAppBufferPools
                0x00001910        0xc C:\cypaseer\PSoC Creator\3.2\PSoC Creator\psoc\content\cycomponentlibrary\CyComponentLibrary.cylib\BLE_v2_0\Library\gccCyBLEStack_BLE_SOC_PERIPHERAL.a(CyBleStackMgrIP_Interface.o)
                0x00001910                CyBle_GetNumAppBufferPools

i.CyBle_GetReservedPoolInfo
                0x0000191c       0x3c
 i.CyBle_GetReservedPoolInfo
                0x0000191c       0x3c C:\cypaseer\PSoC Creator\3.2\PSoC Creator\psoc\content\cycomponentlibrary\CyComponentLibrary.cylib\BLE_v2_0\Library\gccCyBLEStack_BLE_SOC_PERIPHERAL.a(CyBleStackMgrIP_Interface.o)
                0x0000191c                CyBle_GetReservedPoolInfo

i.CyBle_HostStackBufferPoolInit
                0x00001958       0x7c
 i.CyBle_HostStackBufferPoolInit
                0x00001958       0x7c C:\cypaseer\PSoC Creator\3.2\PSoC Creator\psoc\content\cycomponentlibrary\CyComponentLibrary.cylib\BLE_v2_0\Library\gccCyBLEStack_BLE_SOC_PERIPHERAL.a(CyBleStackMgrIP_Interface.o)

i.ble_stack_idle_task_callback
                0x000019d4        0x2
 i.ble_stack_idle_task_callback
                0x000019d4        0x2 C:\cypaseer\PSoC Creator\3.2\PSoC Creator\psoc\content\cycomponentlibrary\CyComponentLibrary.cylib\BLE_v2_0\Library\gccCyBLEStack_BLE_SOC_PERIPHERAL.a(CyBleStackMgrIP_Interface.o)
                0x000019d4                ble_stack_idle_task_callback

i.BT_OSFreeBuf  0x000019d8       0x20
 i.BT_OSFreeBuf
                0x000019d8       0x20 C:\cypaseer\PSoC Creator\3.2\PSoC Creator\psoc\content\cycomponentlibrary\CyComponentLibrary.cylib\BLE_v2_0\Library\gccCyBLEStack_BLE_SOC_PERIPHERAL.a(BT_os.o)
                0x000019d8                BT_OSFreeBuf

i.BT_OSGetBuF   0x000019f8       0x30
 i.BT_OSGetBuF  0x000019f8       0x30 C:\cypaseer\PSoC Creator\3.2\PSoC Creator\psoc\content\cycomponentlibrary\CyComponentLibrary.cylib\BLE_v2_0\Library\gccCyBLEStack_BLE_SOC_PERIPHERAL.a(BT_os.o)
                0x000019f8                BT_OSGetBuF

i.BT_OSMemCreate
                0x00001a28       0x3c
 i.BT_OSMemCreate
                0x00001a28       0x3c C:\cypaseer\PSoC Creator\3.2\PSoC Creator\psoc\content\cycomponentlibrary\CyComponentLibrary.cylib\BLE_v2_0\Library\gccCyBLEStack_BLE_SOC_PERIPHERAL.a(BT_os.o)
                0x00001a28                BT_OSMemCreate

i.BT_alloc_mem_ext
                0x00001a64       0x40
 i.BT_alloc_mem_ext
                0x00001a64       0x40 C:\cypaseer\PSoC Creator\3.2\PSoC Creator\psoc\content\cycomponentlibrary\CyComponentLibrary.cylib\BLE_v2_0\Library\gccCyBLEStack_BLE_SOC_PERIPHERAL.a(BT_os.o)
                0x00001a64                BT_alloc_mem_ext

i.BT_buff_alloc_from_cfg_pool_ext
                0x00001aa4       0x18
 i.BT_buff_alloc_from_cfg_pool_ext
                0x00001aa4       0x18 C:\cypaseer\PSoC Creator\3.2\PSoC Creator\psoc\content\cycomponentlibrary\CyComponentLibrary.cylib\BLE_v2_0\Library\gccCyBLEStack_BLE_SOC_PERIPHERAL.a(BT_os.o)
                0x00001aa4                BT_buff_alloc_from_cfg_pool_ext

i.BT_free_mem   0x00001abc        0xc
 i.BT_free_mem  0x00001abc        0xc C:\cypaseer\PSoC Creator\3.2\PSoC Creator\psoc\content\cycomponentlibrary\CyComponentLibrary.cylib\BLE_v2_0\Library\gccCyBLEStack_BLE_SOC_PERIPHERAL.a(BT_os.o)
                0x00001abc                BT_free_mem

i.bt_stack_create_buffer_pool
                0x00001ac8       0x30
 i.bt_stack_create_buffer_pool
                0x00001ac8       0x30 C:\cypaseer\PSoC Creator\3.2\PSoC Creator\psoc\content\cycomponentlibrary\CyComponentLibrary.cylib\BLE_v2_0\Library\gccCyBLEStack_BLE_SOC_PERIPHERAL.a(BT_os.o)
                0x00001ac8                bt_stack_create_buffer_pool

i.CyBle_CheckBleStackTaskStatus
                0x00001af8        0x4
 i.CyBle_CheckBleStackTaskStatus
                0x00001af8        0x4 C:\cypaseer\PSoC Creator\3.2\PSoC Creator\psoc\content\cycomponentlibrary\CyComponentLibrary.cylib\BLE_v2_0\Library\gccCyBLEStack_BLE_SOC_PERIPHERAL.a(CyBleStackMgr_StackTaskHandler.o)
                0x00001af8                CyBle_CheckBleStackTaskStatus

i.CyBle_CreateBleStackTask
                0x00001afc       0x2c
 i.CyBle_CreateBleStackTask
                0x00001afc       0x2c C:\cypaseer\PSoC Creator\3.2\PSoC Creator\psoc\content\cycomponentlibrary\CyComponentLibrary.cylib\BLE_v2_0\Library\gccCyBLEStack_BLE_SOC_PERIPHERAL.a(CyBleStackMgr_StackTaskHandler.o)
                0x00001afc                CyBle_CreateBleStackTask

i.CyBle_SignalBleStackTask
                0x00001b28       0x50
 i.CyBle_SignalBleStackTask
                0x00001b28       0x50 C:\cypaseer\PSoC Creator\3.2\PSoC Creator\psoc\content\cycomponentlibrary\CyComponentLibrary.cylib\BLE_v2_0\Library\gccCyBLEStack_BLE_SOC_PERIPHERAL.a(CyBleStackMgr_StackTaskHandler.o)
                0x00001b28                CyBle_SignalBleStackTask

i.CyBle_StackTaskHandler
                0x00001b78       0x5c
 i.CyBle_StackTaskHandler
                0x00001b78       0x5c C:\cypaseer\PSoC Creator\3.2\PSoC Creator\psoc\content\cycomponentlibrary\CyComponentLibrary.cylib\BLE_v2_0\Library\gccCyBLEStack_BLE_SOC_PERIPHERAL.a(CyBleStackMgr_StackTaskHandler.o)
                0x00001b78                CyBle_StackTaskHandler

i.__ARM_common_switch8
                0x00001bd4       0x1a
 i.__ARM_common_switch8
                0x00001bd4       0x1a C:\cypaseer\PSoC Creator\3.2\PSoC Creator\psoc\content\cycomponentlibrary\CyComponentLibrary.cylib\BLE_v2_0\Library\gccCyBLEStack_BLE_SOC_PERIPHERAL.a(CyBleStackMgr_StackTaskHandler.o)
                0x00001bd4                __ARM_common_switch8

i.hci_soft_transport_notify_data_received
                0x00001bf0        0xc
 i.hci_soft_transport_notify_data_received
                0x00001bf0        0xc C:\cypaseer\PSoC Creator\3.2\PSoC Creator\psoc\content\cycomponentlibrary\CyComponentLibrary.cylib\BLE_v2_0\Library\gccCyBLEStack_BLE_SOC_PERIPHERAL.a(transport_sf.o)
                0x00001bf0                hci_soft_transport_notify_data_received

i.hci_soft_transport_rx_data
                0x00001bfc       0x40
 i.hci_soft_transport_rx_data
                0x00001bfc       0x40 C:\cypaseer\PSoC Creator\3.2\PSoC Creator\psoc\content\cycomponentlibrary\CyComponentLibrary.cylib\BLE_v2_0\Library\gccCyBLEStack_BLE_SOC_PERIPHERAL.a(transport_sf.o)
                0x00001bfc                hci_soft_transport_rx_data

i.hci_transport_bt_init
                0x00001c3c        0x2
 i.hci_transport_bt_init
                0x00001c3c        0x2 C:\cypaseer\PSoC Creator\3.2\PSoC Creator\psoc\content\cycomponentlibrary\CyComponentLibrary.cylib\BLE_v2_0\Library\gccCyBLEStack_BLE_SOC_PERIPHERAL.a(transport_sf.o)
                0x00001c3c                hci_transport_bt_init

i.hci_transport_init
                0x00001c40       0x10
 i.hci_transport_init
                0x00001c40       0x10 C:\cypaseer\PSoC Creator\3.2\PSoC Creator\psoc\content\cycomponentlibrary\CyComponentLibrary.cylib\BLE_v2_0\Library\gccCyBLEStack_BLE_SOC_PERIPHERAL.a(transport_sf.o)
                0x00001c40                hci_transport_init

i.hci_transport_write_data
                0x00001c50       0xd4
 i.hci_transport_write_data
                0x00001c50       0xd4 C:\cypaseer\PSoC Creator\3.2\PSoC Creator\psoc\content\cycomponentlibrary\CyComponentLibrary.cylib\BLE_v2_0\Library\gccCyBLEStack_BLE_SOC_PERIPHERAL.a(transport_sf.o)
                0x00001c50                hci_transport_write_data

i.pf_hci_soft_transport_write
                0x00001d24       0x44
 i.pf_hci_soft_transport_write
                0x00001d24       0x44 C:\cypaseer\PSoC Creator\3.2\PSoC Creator\psoc\content\cycomponentlibrary\CyComponentLibrary.cylib\BLE_v2_0\Library\gccCyBLEStack_BLE_SOC_PERIPHERAL.a(transport_sf.o)
                0x00001d24                pf_hci_soft_transport_write

i.pf_soft_hci_transport_init
                0x00001d68        0xc
 i.pf_soft_hci_transport_init
                0x00001d68        0xc C:\cypaseer\PSoC Creator\3.2\PSoC Creator\psoc\content\cycomponentlibrary\CyComponentLibrary.cylib\BLE_v2_0\Library\gccCyBLEStack_BLE_SOC_PERIPHERAL.a(transport_sf.o)
                0x00001d68                pf_soft_hci_transport_init

i.CyBleStackMgr_GetTime
                0x00001d74       0x14
 i.CyBleStackMgr_GetTime
                0x00001d74       0x14 C:\cypaseer\PSoC Creator\3.2\PSoC Creator\psoc\content\cycomponentlibrary\CyComponentLibrary.cylib\BLE_v2_0\Library\gccCyBLEStack_BLE_SOC_PERIPHERAL.a(CyBleStackMgr_PSoCHal.o)
                0x00001d74                CyBleStackMgr_GetTime

i.CyBleStackMgr_HalInit
                0x00001d88       0x24
 i.CyBleStackMgr_HalInit
                0x00001d88       0x24 C:\cypaseer\PSoC Creator\3.2\PSoC Creator\psoc\content\cycomponentlibrary\CyComponentLibrary.cylib\BLE_v2_0\Library\gccCyBLEStack_BLE_SOC_PERIPHERAL.a(CyBleStackMgr_PSoCHal.o)
                0x00001d88                CyBleStackMgr_HalInit

i.CyBleStackMgr_HalIntrEnable
                0x00001dac        0x8
 i.CyBleStackMgr_HalIntrEnable
                0x00001dac        0x8 C:\cypaseer\PSoC Creator\3.2\PSoC Creator\psoc\content\cycomponentlibrary\CyComponentLibrary.cylib\BLE_v2_0\Library\gccCyBLEStack_BLE_SOC_PERIPHERAL.a(CyBleStackMgr_PSoCHal.o)
                0x00001dac                CyBleStackMgr_HalIntrEnable

i.CyBleStackMgr_HandleLinkLayerTick
                0x00001db4       0x5c
 i.CyBleStackMgr_HandleLinkLayerTick
                0x00001db4       0x5c C:\cypaseer\PSoC Creator\3.2\PSoC Creator\psoc\content\cycomponentlibrary\CyComponentLibrary.cylib\BLE_v2_0\Library\gccCyBLEStack_BLE_SOC_PERIPHERAL.a(CyBleStackMgr_PSoCHal.o)
                0x00001db4                CyBleStackMgr_HandleLinkLayerTick

i.CyBleStackMgr_HciPortInit
                0x00001e10        0xc
 i.CyBleStackMgr_HciPortInit
                0x00001e10        0xc C:\cypaseer\PSoC Creator\3.2\PSoC Creator\psoc\content\cycomponentlibrary\CyComponentLibrary.cylib\BLE_v2_0\Library\gccCyBLEStack_BLE_SOC_PERIPHERAL.a(CyBleStackMgr_PSoCHal.o)
                0x00001e10                CyBleStackMgr_HciPortInit

i.CyBleStackMgr_HciPortReset
                0x00001e1c        0x2
 i.CyBleStackMgr_HciPortReset
                0x00001e1c        0x2 C:\cypaseer\PSoC Creator\3.2\PSoC Creator\psoc\content\cycomponentlibrary\CyComponentLibrary.cylib\BLE_v2_0\Library\gccCyBLEStack_BLE_SOC_PERIPHERAL.a(CyBleStackMgr_PSoCHal.o)
                0x00001e1c                CyBleStackMgr_HciPortReset

i.CyBleStackMgr_HciPortWrite
                0x00001e1e        0x8
 i.CyBleStackMgr_HciPortWrite
                0x00001e1e        0x8 C:\cypaseer\PSoC Creator\3.2\PSoC Creator\psoc\content\cycomponentlibrary\CyComponentLibrary.cylib\BLE_v2_0\Library\gccCyBLEStack_BLE_SOC_PERIPHERAL.a(CyBleStackMgr_PSoCHal.o)
                0x00001e1e                CyBleStackMgr_HciPortWrite

i.CyBleStackMgr_ResetLinkLayerTimerEntity
                0x00001e28       0x14
 i.CyBleStackMgr_ResetLinkLayerTimerEntity
                0x00001e28       0x14 C:\cypaseer\PSoC Creator\3.2\PSoC Creator\psoc\content\cycomponentlibrary\CyComponentLibrary.cylib\BLE_v2_0\Library\gccCyBLEStack_BLE_SOC_PERIPHERAL.a(CyBleStackMgr_PSoCHal.o)
                0x00001e28                CyBleStackMgr_ResetLinkLayerTimerEntity

i.CyBleStackMgr_TimerStart
                0x00001e3c       0x2c
 i.CyBleStackMgr_TimerStart
                0x00001e3c       0x2c C:\cypaseer\PSoC Creator\3.2\PSoC Creator\psoc\content\cycomponentlibrary\CyComponentLibrary.cylib\BLE_v2_0\Library\gccCyBLEStack_BLE_SOC_PERIPHERAL.a(CyBleStackMgr_PSoCHal.o)
                0x00001e3c                CyBleStackMgr_TimerStart

i.CyBleStackMgr_TimerStop
                0x00001e68       0x18
 i.CyBleStackMgr_TimerStop
                0x00001e68       0x18 C:\cypaseer\PSoC Creator\3.2\PSoC Creator\psoc\content\cycomponentlibrary\CyComponentLibrary.cylib\BLE_v2_0\Library\gccCyBLEStack_BLE_SOC_PERIPHERAL.a(CyBleStackMgr_PSoCHal.o)
                0x00001e68                CyBleStackMgr_TimerStop

i.CyBleStackMgr_isTimerRunning
                0x00001e80       0x10
 i.CyBleStackMgr_isTimerRunning
                0x00001e80       0x10 C:\cypaseer\PSoC Creator\3.2\PSoC Creator\psoc\content\cycomponentlibrary\CyComponentLibrary.cylib\BLE_v2_0\Library\gccCyBLEStack_BLE_SOC_PERIPHERAL.a(CyBleStackMgr_PSoCHal.o)
                0x00001e80                CyBleStackMgr_isTimerRunning

i.CyBleAtlantisRadioInit
                0x00001e90      0x150
 i.CyBleAtlantisRadioInit
                0x00001e90      0x150 C:\cypaseer\PSoC Creator\3.2\PSoC Creator\psoc\content\cycomponentlibrary\CyComponentLibrary.cylib\BLE_v2_0\Library\gccCyBLEStack_BLE_SOC_PERIPHERAL.a(CyBleStackMgr_BleSSDriver.o)

i.CyBleStackMgr_BleSSFifoRead
                0x00001fe0       0x38
 i.CyBleStackMgr_BleSSFifoRead
                0x00001fe0       0x38 C:\cypaseer\PSoC Creator\3.2\PSoC Creator\psoc\content\cycomponentlibrary\CyComponentLibrary.cylib\BLE_v2_0\Library\gccCyBLEStack_BLE_SOC_PERIPHERAL.a(CyBleStackMgr_BleSSDriver.o)
                0x00001fe0                CyBleStackMgr_BleSSFifoRead

i.CyBleStackMgr_BleSSFifoWrite
                0x00002018       0x30
 i.CyBleStackMgr_BleSSFifoWrite
                0x00002018       0x30 C:\cypaseer\PSoC Creator\3.2\PSoC Creator\psoc\content\cycomponentlibrary\CyComponentLibrary.cylib\BLE_v2_0\Library\gccCyBLEStack_BLE_SOC_PERIPHERAL.a(CyBleStackMgr_BleSSDriver.o)
                0x00002018                CyBleStackMgr_BleSSFifoWrite

i.CyBleStackMgr_BleSSInit
                0x00002048       0x50
 i.CyBleStackMgr_BleSSInit
                0x00002048       0x50 C:\cypaseer\PSoC Creator\3.2\PSoC Creator\psoc\content\cycomponentlibrary\CyComponentLibrary.cylib\BLE_v2_0\Library\gccCyBLEStack_BLE_SOC_PERIPHERAL.a(CyBleStackMgr_BleSSDriver.o)
                0x00002048                CyBleStackMgr_BleSSInit

i.CyBleStackMgr_BleSSMemRead
                0x00002098       0x26
 i.CyBleStackMgr_BleSSMemRead
                0x00002098       0x26 C:\cypaseer\PSoC Creator\3.2\PSoC Creator\psoc\content\cycomponentlibrary\CyComponentLibrary.cylib\BLE_v2_0\Library\gccCyBLEStack_BLE_SOC_PERIPHERAL.a(CyBleStackMgr_BleSSDriver.o)
                0x00002098                CyBleStackMgr_BleSSMemRead

i.CyBleStackMgr_BleSSMemWrite
                0x000020c0       0x34
 i.CyBleStackMgr_BleSSMemWrite
                0x000020c0       0x34 C:\cypaseer\PSoC Creator\3.2\PSoC Creator\psoc\content\cycomponentlibrary\CyComponentLibrary.cylib\BLE_v2_0\Library\gccCyBLEStack_BLE_SOC_PERIPHERAL.a(CyBleStackMgr_BleSSDriver.o)
                0x000020c0                CyBleStackMgr_BleSSMemWrite

i.CyBleStackMgr_BleSSRegRead
                0x000020f4        0xc
 i.CyBleStackMgr_BleSSRegRead
                0x000020f4        0xc C:\cypaseer\PSoC Creator\3.2\PSoC Creator\psoc\content\cycomponentlibrary\CyComponentLibrary.cylib\BLE_v2_0\Library\gccCyBLEStack_BLE_SOC_PERIPHERAL.a(CyBleStackMgr_BleSSDriver.o)
                0x000020f4                CyBleStackMgr_BleSSRegRead

i.CyBleStackMgr_BleSSRegWrite
                0x00002100        0xc
 i.CyBleStackMgr_BleSSRegWrite
                0x00002100        0xc C:\cypaseer\PSoC Creator\3.2\PSoC Creator\psoc\content\cycomponentlibrary\CyComponentLibrary.cylib\BLE_v2_0\Library\gccCyBLEStack_BLE_SOC_PERIPHERAL.a(CyBleStackMgr_BleSSDriver.o)
                0x00002100                CyBleStackMgr_BleSSRegWrite

i.CyBleStackMgr_BleSSReset
                0x0000210c       0x38
 i.CyBleStackMgr_BleSSReset
                0x0000210c       0x38 C:\cypaseer\PSoC Creator\3.2\PSoC Creator\psoc\content\cycomponentlibrary\CyComponentLibrary.cylib\BLE_v2_0\Library\gccCyBLEStack_BLE_SOC_PERIPHERAL.a(CyBleStackMgr_BleSSDriver.o)
                0x0000210c                CyBleStackMgr_BleSSReset

i.CyBleStackMgr_GenericIface
                0x00002144       0x3c
 i.CyBleStackMgr_GenericIface
                0x00002144       0x3c C:\cypaseer\PSoC Creator\3.2\PSoC Creator\psoc\content\cycomponentlibrary\CyComponentLibrary.cylib\BLE_v2_0\Library\gccCyBLEStack_BLE_SOC_PERIPHERAL.a(CyBleStackMgr_BleSSDriver.o)
                0x00002144                CyBleStackMgr_GenericIface

i.CyBleStackMgr_HandleBleSSIntr
                0x00002180       0x90
 i.CyBleStackMgr_HandleBleSSIntr
                0x00002180       0x90 C:\cypaseer\PSoC Creator\3.2\PSoC Creator\psoc\content\cycomponentlibrary\CyComponentLibrary.cylib\BLE_v2_0\Library\gccCyBLEStack_BLE_SOC_PERIPHERAL.a(CyBleStackMgr_BleSSDriver.o)
                0x00002180                CyBleStackMgr_HandleBleSSIntr

i.CyBleStackMgr_SetClockParam
                0x00002210       0xb4
 i.CyBleStackMgr_SetClockParam
                0x00002210       0xb4 C:\cypaseer\PSoC Creator\3.2\PSoC Creator\psoc\content\cycomponentlibrary\CyComponentLibrary.cylib\BLE_v2_0\Library\gccCyBLEStack_BLE_SOC_PERIPHERAL.a(CyBleStackMgr_BleSSDriver.o)

i.CyBle_ExitDsmMode
                0x000022c4       0x2c
 i.CyBle_ExitDsmMode
                0x000022c4       0x2c C:\cypaseer\PSoC Creator\3.2\PSoC Creator\psoc\content\cycomponentlibrary\CyComponentLibrary.cylib\BLE_v2_0\Library\gccCyBLEStack_BLE_SOC_PERIPHERAL.a(CyBleStackMgr_BleSSDriver.o)
                0x000022c4                CyBle_ExitDsmMode

i.CyBle_GetBleSsOperationalMode
                0x000022f0        0xc
 i.CyBle_GetBleSsOperationalMode
                0x000022f0        0xc C:\cypaseer\PSoC Creator\3.2\PSoC Creator\psoc\content\cycomponentlibrary\CyComponentLibrary.cylib\BLE_v2_0\Library\gccCyBLEStack_BLE_SOC_PERIPHERAL.a(CyBleStackMgr_BleSSDriver.o)
                0x000022f0                CyBle_GetBleSsOperationalMode

i.CyBle_GetLpMode
                0x000022fc       0x26
 i.CyBle_GetLpMode
                0x000022fc       0x26 C:\cypaseer\PSoC Creator\3.2\PSoC Creator\psoc\content\cycomponentlibrary\CyComponentLibrary.cylib\BLE_v2_0\Library\gccCyBLEStack_BLE_SOC_PERIPHERAL.a(CyBleStackMgr_BleSSDriver.o)
                0x000022fc                CyBle_GetLpMode

i.CyBle_GetTxGainMode
                0x00002324       0x2c
 i.CyBle_GetTxGainMode
                0x00002324       0x2c C:\cypaseer\PSoC Creator\3.2\PSoC Creator\psoc\content\cycomponentlibrary\CyComponentLibrary.cylib\BLE_v2_0\Library\gccCyBLEStack_BLE_SOC_PERIPHERAL.a(CyBleStackMgr_BleSSDriver.o)
                0x00002324                CyBle_GetTxGainMode

i.CyBle_SetBleSsOperationalMode
                0x00002350       0x20
 i.CyBle_SetBleSsOperationalMode
                0x00002350       0x20 C:\cypaseer\PSoC Creator\3.2\PSoC Creator\psoc\content\cycomponentlibrary\CyComponentLibrary.cylib\BLE_v2_0\Library\gccCyBLEStack_BLE_SOC_PERIPHERAL.a(CyBleStackMgr_BleSSDriver.o)
                0x00002350                CyBle_SetBleSsOperationalMode

i.CyBle_SetEventCloseState
                0x00002370        0xc
 i.CyBle_SetEventCloseState
                0x00002370        0xc C:\cypaseer\PSoC Creator\3.2\PSoC Creator\psoc\content\cycomponentlibrary\CyComponentLibrary.cylib\BLE_v2_0\Library\gccCyBLEStack_BLE_SOC_PERIPHERAL.a(CyBleStackMgr_BleSSDriver.o)
                0x00002370                CyBle_SetEventCloseState

i.CyBle_SetRxGainMode
                0x0000237c       0x20
 i.CyBle_SetRxGainMode
                0x0000237c       0x20 C:\cypaseer\PSoC Creator\3.2\PSoC Creator\psoc\content\cycomponentlibrary\CyComponentLibrary.cylib\BLE_v2_0\Library\gccCyBLEStack_BLE_SOC_PERIPHERAL.a(CyBleStackMgr_BleSSDriver.o)
                0x0000237c                CyBle_SetRxGainMode

i.CyBle_SetTxGainMode
                0x0000239c       0x38
 i.CyBle_SetTxGainMode
                0x0000239c       0x38 C:\cypaseer\PSoC Creator\3.2\PSoC Creator\psoc\content\cycomponentlibrary\CyComponentLibrary.cylib\BLE_v2_0\Library\gccCyBLEStack_BLE_SOC_PERIPHERAL.a(CyBleStackMgr_BleSSDriver.o)
                0x0000239c                CyBle_SetTxGainMode

i.pf_rf_get_abs_rssi
                0x000023d4       0x24
 i.pf_rf_get_abs_rssi
                0x000023d4       0x24 C:\cypaseer\PSoC Creator\3.2\PSoC Creator\psoc\content\cycomponentlibrary\CyComponentLibrary.cylib\BLE_v2_0\Library\gccCyBLEStack_BLE_SOC_PERIPHERAL.a(CyBleStackMgr_BleSSDriver.o)
                0x000023d4                pf_rf_get_abs_rssi

i.OS_init       0x000023f8       0x64
 i.OS_init      0x000023f8       0x64 C:\cypaseer\PSoC Creator\3.2\PSoC Creator\psoc\content\cycomponentlibrary\CyComponentLibrary.cylib\BLE_v2_0\Library\gccCyBLEStack_BLE_SOC_PERIPHERAL.a(mint_os.o)
                0x000023f8                OS_init

i.mintos_malloc
                0x0000245c       0x34
 i.mintos_malloc
                0x0000245c       0x34 C:\cypaseer\PSoC Creator\3.2\PSoC Creator\psoc\content\cycomponentlibrary\CyComponentLibrary.cylib\BLE_v2_0\Library\gccCyBLEStack_BLE_SOC_PERIPHERAL.a(mint_os.o)
                0x0000245c                mintos_malloc

i.OS_create_queue
                0x00002490       0x64
 i.OS_create_queue
                0x00002490       0x64 C:\cypaseer\PSoC Creator\3.2\PSoC Creator\psoc\content\cycomponentlibrary\CyComponentLibrary.cylib\BLE_v2_0\Library\gccCyBLEStack_BLE_SOC_PERIPHERAL.a(mint_os_queue.o)
                0x00002490                OS_create_queue

i.OS_enqueue_item
                0x000024f4       0x8c
 i.OS_enqueue_item
                0x000024f4       0x8c C:\cypaseer\PSoC Creator\3.2\PSoC Creator\psoc\content\cycomponentlibrary\CyComponentLibrary.cylib\BLE_v2_0\Library\gccCyBLEStack_BLE_SOC_PERIPHERAL.a(mint_os_queue.o)
                0x000024f4                OS_enqueue_item

i.OS_queue_get_num_of_items
                0x00002580       0x28
 i.OS_queue_get_num_of_items
                0x00002580       0x28 C:\cypaseer\PSoC Creator\3.2\PSoC Creator\psoc\content\cycomponentlibrary\CyComponentLibrary.cylib\BLE_v2_0\Library\gccCyBLEStack_BLE_SOC_PERIPHERAL.a(mint_os_queue.o)
                0x00002580                OS_queue_get_num_of_items

i.OS_queue_mgmt_init
                0x000025a8       0x40
 i.OS_queue_mgmt_init
                0x000025a8       0x40 C:\cypaseer\PSoC Creator\3.2\PSoC Creator\psoc\content\cycomponentlibrary\CyComponentLibrary.cylib\BLE_v2_0\Library\gccCyBLEStack_BLE_SOC_PERIPHERAL.a(mint_os_queue.o)
                0x000025a8                OS_queue_mgmt_init

i.OS_remove_item
                0x000025e8       0xa0
 i.OS_remove_item
                0x000025e8       0xa0 C:\cypaseer\PSoC Creator\3.2\PSoC Creator\psoc\content\cycomponentlibrary\CyComponentLibrary.cylib\BLE_v2_0\Library\gccCyBLEStack_BLE_SOC_PERIPHERAL.a(mint_os_queue.o)
                0x000025e8                OS_remove_item

i.OS_create_task
                0x00002688       0x88
 i.OS_create_task
                0x00002688       0x88 C:\cypaseer\PSoC Creator\3.2\PSoC Creator\psoc\content\cycomponentlibrary\CyComponentLibrary.cylib\BLE_v2_0\Library\gccCyBLEStack_BLE_SOC_PERIPHERAL.a(mint_os_task.o)
                0x00002688                OS_create_task

i.OS_isr_send_signal_to_task
                0x00002710        0xc
 i.OS_isr_send_signal_to_task
                0x00002710        0xc C:\cypaseer\PSoC Creator\3.2\PSoC Creator\psoc\content\cycomponentlibrary\CyComponentLibrary.cylib\BLE_v2_0\Library\gccCyBLEStack_BLE_SOC_PERIPHERAL.a(mint_os_task.o)
                0x00002710                OS_isr_send_signal_to_task

i.OS_scheduler  0x0000271c       0x64
 i.OS_scheduler
                0x0000271c       0x64 C:\cypaseer\PSoC Creator\3.2\PSoC Creator\psoc\content\cycomponentlibrary\CyComponentLibrary.cylib\BLE_v2_0\Library\gccCyBLEStack_BLE_SOC_PERIPHERAL.a(mint_os_task.o)
                0x0000271c                OS_scheduler

i.OS_send_signal_to_task
                0x00002780        0xc
 i.OS_send_signal_to_task
                0x00002780        0xc C:\cypaseer\PSoC Creator\3.2\PSoC Creator\psoc\content\cycomponentlibrary\CyComponentLibrary.cylib\BLE_v2_0\Library\gccCyBLEStack_BLE_SOC_PERIPHERAL.a(mint_os_task.o)
                0x00002780                OS_send_signal_to_task

i.OS_send_signal_to_task_context
                0x0000278c       0x3c
 i.OS_send_signal_to_task_context
                0x0000278c       0x3c C:\cypaseer\PSoC Creator\3.2\PSoC Creator\psoc\content\cycomponentlibrary\CyComponentLibrary.cylib\BLE_v2_0\Library\gccCyBLEStack_BLE_SOC_PERIPHERAL.a(mint_os_task.o)

i.OS_task_mgmt_init
                0x000027c8       0x50
 i.OS_task_mgmt_init
                0x000027c8       0x50 C:\cypaseer\PSoC Creator\3.2\PSoC Creator\psoc\content\cycomponentlibrary\CyComponentLibrary.cylib\BLE_v2_0\Library\gccCyBLEStack_BLE_SOC_PERIPHERAL.a(mint_os_task.o)
                0x000027c8                OS_task_mgmt_init

i.mint_buf_mgmt_allocate_buffer
                0x00002818       0x4c
 i.mint_buf_mgmt_allocate_buffer
                0x00002818       0x4c C:\cypaseer\PSoC Creator\3.2\PSoC Creator\psoc\content\cycomponentlibrary\CyComponentLibrary.cylib\BLE_v2_0\Library\gccCyBLEStack_BLE_SOC_PERIPHERAL.a(mint_buf_mgmt.o)
                0x00002818                mint_buf_mgmt_allocate_buffer

i.mint_buf_mgmt_create_pool
                0x00002864       0xd0
 i.mint_buf_mgmt_create_pool
                0x00002864       0xd0 C:\cypaseer\PSoC Creator\3.2\PSoC Creator\psoc\content\cycomponentlibrary\CyComponentLibrary.cylib\BLE_v2_0\Library\gccCyBLEStack_BLE_SOC_PERIPHERAL.a(mint_buf_mgmt.o)
                0x00002864                mint_buf_mgmt_create_pool

i.mint_buf_mgmt_free_buffer
                0x00002934       0xa4
 i.mint_buf_mgmt_free_buffer
                0x00002934       0xa4 C:\cypaseer\PSoC Creator\3.2\PSoC Creator\psoc\content\cycomponentlibrary\CyComponentLibrary.cylib\BLE_v2_0\Library\gccCyBLEStack_BLE_SOC_PERIPHERAL.a(mint_buf_mgmt.o)
                0x00002934                mint_buf_mgmt_free_buffer

i.mint_buf_mgmt_init
                0x000029d8       0x44
 i.mint_buf_mgmt_init
                0x000029d8       0x44 C:\cypaseer\PSoC Creator\3.2\PSoC Creator\psoc\content\cycomponentlibrary\CyComponentLibrary.cylib\BLE_v2_0\Library\gccCyBLEStack_BLE_SOC_PERIPHERAL.a(mint_buf_mgmt.o)
                0x000029d8                mint_buf_mgmt_init

i.mint_buf_mgmt_malloc
                0x00002a1c       0x2c
 i.mint_buf_mgmt_malloc
                0x00002a1c       0x2c C:\cypaseer\PSoC Creator\3.2\PSoC Creator\psoc\content\cycomponentlibrary\CyComponentLibrary.cylib\BLE_v2_0\Library\gccCyBLEStack_BLE_SOC_PERIPHERAL.a(mint_buf_mgmt.o)
                0x00002a1c                mint_buf_mgmt_malloc

i.mint_buf_mgmt_pl_init
                0x00002a48       0x40
 i.mint_buf_mgmt_pl_init
                0x00002a48       0x40 C:\cypaseer\PSoC Creator\3.2\PSoC Creator\psoc\content\cycomponentlibrary\CyComponentLibrary.cylib\BLE_v2_0\Library\gccCyBLEStack_BLE_SOC_PERIPHERAL.a(mint_buf_mgmt.o)
                0x00002a48                mint_buf_mgmt_pl_init

i.mint_buf_mgmt_reset_pool
                0x00002a88       0x70
 i.mint_buf_mgmt_reset_pool
                0x00002a88       0x70 C:\cypaseer\PSoC Creator\3.2\PSoC Creator\psoc\content\cycomponentlibrary\CyComponentLibrary.cylib\BLE_v2_0\Library\gccCyBLEStack_BLE_SOC_PERIPHERAL.a(mint_buf_mgmt.o)
                0x00002a88                mint_buf_mgmt_reset_pool

i.mint_buf_mgmt_stack_init
                0x00002af8       0x24
 i.mint_buf_mgmt_stack_init
                0x00002af8       0x24 C:\cypaseer\PSoC Creator\3.2\PSoC Creator\psoc\content\cycomponentlibrary\CyComponentLibrary.cylib\BLE_v2_0\Library\gccCyBLEStack_BLE_SOC_PERIPHERAL.a(mint_buf_mgmt.o)
                0x00002af8                mint_buf_mgmt_stack_init

i.mint_buf_mgmt_stack_pop
                0x00002b1c       0x36
 i.mint_buf_mgmt_stack_pop
                0x00002b1c       0x36 C:\cypaseer\PSoC Creator\3.2\PSoC Creator\psoc\content\cycomponentlibrary\CyComponentLibrary.cylib\BLE_v2_0\Library\gccCyBLEStack_BLE_SOC_PERIPHERAL.a(mint_buf_mgmt.o)
                0x00002b1c                mint_buf_mgmt_stack_pop

i.mint_buf_mgmt_stack_push
                0x00002b52       0x36
 i.mint_buf_mgmt_stack_push
                0x00002b52       0x36 C:\cypaseer\PSoC Creator\3.2\PSoC Creator\psoc\content\cycomponentlibrary\CyComponentLibrary.cylib\BLE_v2_0\Library\gccCyBLEStack_BLE_SOC_PERIPHERAL.a(mint_buf_mgmt.o)
                0x00002b52                mint_buf_mgmt_stack_push

i.mint_buf_mgmt_stack_reset
                0x00002b88       0x1e
 i.mint_buf_mgmt_stack_reset
                0x00002b88       0x1e C:\cypaseer\PSoC Creator\3.2\PSoC Creator\psoc\content\cycomponentlibrary\CyComponentLibrary.cylib\BLE_v2_0\Library\gccCyBLEStack_BLE_SOC_PERIPHERAL.a(mint_buf_mgmt.o)
                0x00002b88                mint_buf_mgmt_stack_reset

i.mint_buf_mgmt_stack_search_item
                0x00002ba6       0x30
 i.mint_buf_mgmt_stack_search_item
                0x00002ba6       0x30 C:\cypaseer\PSoC Creator\3.2\PSoC Creator\psoc\content\cycomponentlibrary\CyComponentLibrary.cylib\BLE_v2_0\Library\gccCyBLEStack_BLE_SOC_PERIPHERAL.a(mint_buf_mgmt.o)
                0x00002ba6                mint_buf_mgmt_stack_search_item

i.CyBleControllerIP_GetPingState
                0x00002bd8        0xc
 i.CyBleControllerIP_GetPingState
                0x00002bd8        0xc C:\cypaseer\PSoC Creator\3.2\PSoC Creator\psoc\content\cycomponentlibrary\CyComponentLibrary.cylib\BLE_v2_0\Library\gccCyBLEStack_BLE_SOC_PERIPHERAL.a(CyBleControllerIP_Interface.o)
                0x00002bd8                CyBleControllerIP_GetPingState

i.CyBleController_AddDeviceToWhiteList
                0x00002be4       0x40
 i.CyBleController_AddDeviceToWhiteList
                0x00002be4       0x40 C:\cypaseer\PSoC Creator\3.2\PSoC Creator\psoc\content\cycomponentlibrary\CyComponentLibrary.cylib\BLE_v2_0\Library\gccCyBLEStack_BLE_SOC_PERIPHERAL.a(CyBleControllerIP_Interface.o)
                0x00002be4                CyBleController_AddDeviceToWhiteList

i.CyBleController_ExitLowPowerMode
                0x00002c24       0x10
 i.CyBleController_ExitLowPowerMode
                0x00002c24       0x10 C:\cypaseer\PSoC Creator\3.2\PSoC Creator\psoc\content\cycomponentlibrary\CyComponentLibrary.cylib\BLE_v2_0\Library\gccCyBLEStack_BLE_SOC_PERIPHERAL.a(CyBleControllerIP_Interface.o)
                0x00002c24                CyBleController_ExitLowPowerMode

i.CyBleController_Init
                0x00002c34       0x32
 i.CyBleController_Init
                0x00002c34       0x32 C:\cypaseer\PSoC Creator\3.2\PSoC Creator\psoc\content\cycomponentlibrary\CyComponentLibrary.cylib\BLE_v2_0\Library\gccCyBLEStack_BLE_SOC_PERIPHERAL.a(CyBleControllerIP_Interface.o)
                0x00002c34                CyBleController_Init

i.CyBleController_SetDeviceAddress
                0x00002c66       0x2e
 i.CyBleController_SetDeviceAddress
                0x00002c66       0x2e C:\cypaseer\PSoC Creator\3.2\PSoC Creator\psoc\content\cycomponentlibrary\CyComponentLibrary.cylib\BLE_v2_0\Library\gccCyBLEStack_BLE_SOC_PERIPHERAL.a(CyBleControllerIP_Interface.o)
                0x00002c66                CyBleController_SetDeviceAddress

i.CyBle_GetTxPowerLevel
                0x00002c94       0x4e
 i.CyBle_GetTxPowerLevel
                0x00002c94       0x4e C:\cypaseer\PSoC Creator\3.2\PSoC Creator\psoc\content\cycomponentlibrary\CyComponentLibrary.cylib\BLE_v2_0\Library\gccCyBLEStack_BLE_SOC_PERIPHERAL.a(CyBleControllerIP_Interface.o)
                0x00002c94                CyBle_GetTxPowerLevel

i.CyBle_SetTxPowerLevel
                0x00002ce2       0x56
 i.CyBle_SetTxPowerLevel
                0x00002ce2       0x56 C:\cypaseer\PSoC Creator\3.2\PSoC Creator\psoc\content\cycomponentlibrary\CyComponentLibrary.cylib\BLE_v2_0\Library\gccCyBLEStack_BLE_SOC_PERIPHERAL.a(CyBleControllerIP_Interface.o)
                0x00002ce2                CyBle_SetTxPowerLevel

i.ll_check_and_mark_packet_ready_for_transmission
                0x00002d38       0x28
 i.ll_check_and_mark_packet_ready_for_transmission
                0x00002d38       0x28 C:\cypaseer\PSoC Creator\3.2\PSoC Creator\psoc\content\cycomponentlibrary\CyComponentLibrary.cylib\BLE_v2_0\Library\gccCyBLEStack_BLE_SOC_PERIPHERAL.a(ll.o)
                0x00002d38                ll_check_and_mark_packet_ready_for_transmission

i.ll_cleanup_pending_data_pdu
                0x00002d60       0x38
 i.ll_cleanup_pending_data_pdu
                0x00002d60       0x38 C:\cypaseer\PSoC Creator\3.2\PSoC Creator\psoc\content\cycomponentlibrary\CyComponentLibrary.cylib\BLE_v2_0\Library\gccCyBLEStack_BLE_SOC_PERIPHERAL.a(ll.o)
                0x00002d60                ll_cleanup_pending_data_pdu

i.ll_exit_low_power_mode
                0x00002d98       0xac
 i.ll_exit_low_power_mode
                0x00002d98       0xac C:\cypaseer\PSoC Creator\3.2\PSoC Creator\psoc\content\cycomponentlibrary\CyComponentLibrary.cylib\BLE_v2_0\Library\gccCyBLEStack_BLE_SOC_PERIPHERAL.a(ll.o)
                0x00002d98                ll_exit_low_power_mode

i.ll_get_ack_status
                0x00002e44       0x3c
 i.ll_get_ack_status
                0x00002e44       0x3c C:\cypaseer\PSoC Creator\3.2\PSoC Creator\psoc\content\cycomponentlibrary\CyComponentLibrary.cylib\BLE_v2_0\Library\gccCyBLEStack_BLE_SOC_PERIPHERAL.a(ll.o)
                0x00002e44                ll_get_ack_status

i.ll_get_adv_ch_tx_power
                0x00002e80       0x20
 i.ll_get_adv_ch_tx_power
                0x00002e80       0x20 C:\cypaseer\PSoC Creator\3.2\PSoC Creator\psoc\content\cycomponentlibrary\CyComponentLibrary.cylib\BLE_v2_0\Library\gccCyBLEStack_BLE_SOC_PERIPHERAL.a(ll.o)
                0x00002e80                ll_get_adv_ch_tx_power

i.ll_get_data_channel_map
                0x00002ea0       0x24
 i.ll_get_data_channel_map
                0x00002ea0       0x24 C:\cypaseer\PSoC Creator\3.2\PSoC Creator\psoc\content\cycomponentlibrary\CyComponentLibrary.cylib\BLE_v2_0\Library\gccCyBLEStack_BLE_SOC_PERIPHERAL.a(ll.o)
                0x00002ea0                ll_get_data_channel_map

i.ll_get_max_white_list_size
                0x00002ec4        0xc
 i.ll_get_max_white_list_size
                0x00002ec4        0xc C:\cypaseer\PSoC Creator\3.2\PSoC Creator\psoc\content\cycomponentlibrary\CyComponentLibrary.cylib\BLE_v2_0\Library\gccCyBLEStack_BLE_SOC_PERIPHERAL.a(ll.o)
                0x00002ec4                ll_get_max_white_list_size

i.ll_get_my_role
                0x00002ed0        0xc
 i.ll_get_my_role
                0x00002ed0        0xc C:\cypaseer\PSoC Creator\3.2\PSoC Creator\psoc\content\cycomponentlibrary\CyComponentLibrary.cylib\BLE_v2_0\Library\gccCyBLEStack_BLE_SOC_PERIPHERAL.a(ll.o)
                0x00002ed0                ll_get_my_role

i.ll_get_next_available_fifo_for_data_pdu
                0x00002edc        0x8
 i.ll_get_next_available_fifo_for_data_pdu
                0x00002edc        0x8 C:\cypaseer\PSoC Creator\3.2\PSoC Creator\psoc\content\cycomponentlibrary\CyComponentLibrary.cylib\BLE_v2_0\Library\gccCyBLEStack_BLE_SOC_PERIPHERAL.a(ll.o)
                0x00002edc                ll_get_next_available_fifo_for_data_pdu

i.ll_get_next_available_fifo_for_ll_pdu
                0x00002ee4       0x24
 i.ll_get_next_available_fifo_for_ll_pdu
                0x00002ee4       0x24 C:\cypaseer\PSoC Creator\3.2\PSoC Creator\psoc\content\cycomponentlibrary\CyComponentLibrary.cylib\BLE_v2_0\Library\gccCyBLEStack_BLE_SOC_PERIPHERAL.a(ll.o)
                0x00002ee4                ll_get_next_available_fifo_for_ll_pdu

i.ll_get_rssi_value
                0x00002f08       0x26
 i.ll_get_rssi_value
                0x00002f08       0x26 C:\cypaseer\PSoC Creator\3.2\PSoC Creator\psoc\content\cycomponentlibrary\CyComponentLibrary.cylib\BLE_v2_0\Library\gccCyBLEStack_BLE_SOC_PERIPHERAL.a(ll.o)
                0x00002f08                ll_get_rssi_value

i.ll_get_transmit_power_level
                0x00002f30       0x2c
 i.ll_get_transmit_power_level
                0x00002f30       0x2c C:\cypaseer\PSoC Creator\3.2\PSoC Creator\psoc\content\cycomponentlibrary\CyComponentLibrary.cylib\BLE_v2_0\Library\gccCyBLEStack_BLE_SOC_PERIPHERAL.a(ll.o)
                0x00002f30                ll_get_transmit_power_level

i.ll_handle_ack_received
                0x00002f5c       0x74
 i.ll_handle_ack_received
                0x00002f5c       0x74 C:\cypaseer\PSoC Creator\3.2\PSoC Creator\psoc\content\cycomponentlibrary\CyComponentLibrary.cylib\BLE_v2_0\Library\gccCyBLEStack_BLE_SOC_PERIPHERAL.a(ll.o)
                0x00002f5c                ll_handle_ack_received

i.ll_handle_add_device_in_whitelist
                0x00002fd0       0x3a
 i.ll_handle_add_device_in_whitelist
                0x00002fd0       0x3a C:\cypaseer\PSoC Creator\3.2\PSoC Creator\psoc\content\cycomponentlibrary\CyComponentLibrary.cylib\BLE_v2_0\Library\gccCyBLEStack_BLE_SOC_PERIPHERAL.a(ll.o)
                0x00002fd0                ll_handle_add_device_in_whitelist

i.ll_handle_clear_whitelist
                0x0000300a       0x16
 i.ll_handle_clear_whitelist
                0x0000300a       0x16 C:\cypaseer\PSoC Creator\3.2\PSoC Creator\psoc\content\cycomponentlibrary\CyComponentLibrary.cylib\BLE_v2_0\Library\gccCyBLEStack_BLE_SOC_PERIPHERAL.a(ll.o)
                0x0000300a                ll_handle_clear_whitelist

i.ll_handle_encrypt_host_data
                0x00003020       0x36
 i.ll_handle_encrypt_host_data
                0x00003020       0x36 C:\cypaseer\PSoC Creator\3.2\PSoC Creator\psoc\content\cycomponentlibrary\CyComponentLibrary.cylib\BLE_v2_0\Library\gccCyBLEStack_BLE_SOC_PERIPHERAL.a(ll.o)
                0x00003020                ll_handle_encrypt_host_data

i.ll_handle_host_data_packet
                0x00003056       0x54
 i.ll_handle_host_data_packet
                0x00003056       0x54 C:\cypaseer\PSoC Creator\3.2\PSoC Creator\psoc\content\cycomponentlibrary\CyComponentLibrary.cylib\BLE_v2_0\Library\gccCyBLEStack_BLE_SOC_PERIPHERAL.a(ll.o)
                0x00003056                ll_handle_host_data_packet

i.ll_handle_read_host_channel_map
                0x000030aa        0x4
 i.ll_handle_read_host_channel_map
                0x000030aa        0x4 C:\cypaseer\PSoC Creator\3.2\PSoC Creator\psoc\content\cycomponentlibrary\CyComponentLibrary.cylib\BLE_v2_0\Library\gccCyBLEStack_BLE_SOC_PERIPHERAL.a(ll.o)
                0x000030aa                ll_handle_read_host_channel_map

i.ll_handle_remove_device_in_whitelist
                0x000030ae       0x2a
 i.ll_handle_remove_device_in_whitelist
                0x000030ae       0x2a C:\cypaseer\PSoC Creator\3.2\PSoC Creator\psoc\content\cycomponentlibrary\CyComponentLibrary.cylib\BLE_v2_0\Library\gccCyBLEStack_BLE_SOC_PERIPHERAL.a(ll.o)
                0x000030ae                ll_handle_remove_device_in_whitelist

i.ll_handle_reset
                0x000030d8        0xe
 i.ll_handle_reset
                0x000030d8        0xe C:\cypaseer\PSoC Creator\3.2\PSoC Creator\psoc\content\cycomponentlibrary\CyComponentLibrary.cylib\BLE_v2_0\Library\gccCyBLEStack_BLE_SOC_PERIPHERAL.a(ll.o)
                0x000030d8                ll_handle_reset

i.ll_handle_set_random_address
                0x000030e6       0x36
 i.ll_handle_set_random_address
                0x000030e6       0x36 C:\cypaseer\PSoC Creator\3.2\PSoC Creator\psoc\content\cycomponentlibrary\CyComponentLibrary.cylib\BLE_v2_0\Library\gccCyBLEStack_BLE_SOC_PERIPHERAL.a(ll.o)
                0x000030e6                ll_handle_set_random_address

i.ll_init       0x0000311c       0x18
 i.ll_init      0x0000311c       0x18 C:\cypaseer\PSoC Creator\3.2\PSoC Creator\psoc\content\cycomponentlibrary\CyComponentLibrary.cylib\BLE_v2_0\Library\gccCyBLEStack_BLE_SOC_PERIPHERAL.a(ll.o)
                0x0000311c                ll_init

i.ll_initialize_device_attributes
                0x00003134       0x4c
 i.ll_initialize_device_attributes
                0x00003134       0x4c C:\cypaseer\PSoC Creator\3.2\PSoC Creator\psoc\content\cycomponentlibrary\CyComponentLibrary.cylib\BLE_v2_0\Library\gccCyBLEStack_BLE_SOC_PERIPHERAL.a(ll.o)
                0x00003134                ll_initialize_device_attributes

i.ll_is_pkt_pending
                0x00003180       0x2a
 i.ll_is_pkt_pending
                0x00003180       0x2a C:\cypaseer\PSoC Creator\3.2\PSoC Creator\psoc\content\cycomponentlibrary\CyComponentLibrary.cylib\BLE_v2_0\Library\gccCyBLEStack_BLE_SOC_PERIPHERAL.a(ll.o)
                0x00003180                ll_is_pkt_pending

i.ll_is_sent_pkt_pending
                0x000031aa       0x1a
 i.ll_is_sent_pkt_pending
                0x000031aa       0x1a C:\cypaseer\PSoC Creator\3.2\PSoC Creator\psoc\content\cycomponentlibrary\CyComponentLibrary.cylib\BLE_v2_0\Library\gccCyBLEStack_BLE_SOC_PERIPHERAL.a(ll.o)
                0x000031aa                ll_is_sent_pkt_pending

i.ll_isr_exit_low_power_mode
                0x000031c4       0x16
 i.ll_isr_exit_low_power_mode
                0x000031c4       0x16 C:\cypaseer\PSoC Creator\3.2\PSoC Creator\psoc\content\cycomponentlibrary\CyComponentLibrary.cylib\BLE_v2_0\Library\gccCyBLEStack_BLE_SOC_PERIPHERAL.a(ll.o)
                0x000031c4                ll_isr_exit_low_power_mode

i.ll_load_host_data_packet
                0x000031da       0x4a
 i.ll_load_host_data_packet
                0x000031da       0x4a C:\cypaseer\PSoC Creator\3.2\PSoC Creator\psoc\content\cycomponentlibrary\CyComponentLibrary.cylib\BLE_v2_0\Library\gccCyBLEStack_BLE_SOC_PERIPHERAL.a(ll.o)
                0x000031da                ll_load_host_data_packet

i.ll_load_packet_to_fifo
                0x00003224       0x6e
 i.ll_load_packet_to_fifo
                0x00003224       0x6e C:\cypaseer\PSoC Creator\3.2\PSoC Creator\psoc\content\cycomponentlibrary\CyComponentLibrary.cylib\BLE_v2_0\Library\gccCyBLEStack_BLE_SOC_PERIPHERAL.a(ll.o)
                0x00003224                ll_load_packet_to_fifo

i.ll_process_acks
                0x00003292       0x3c
 i.ll_process_acks
                0x00003292       0x3c C:\cypaseer\PSoC Creator\3.2\PSoC Creator\psoc\content\cycomponentlibrary\CyComponentLibrary.cylib\BLE_v2_0\Library\gccCyBLEStack_BLE_SOC_PERIPHERAL.a(ll.o)
                0x00003292                ll_process_acks

i.ll_reset      0x000032ce       0x12
 i.ll_reset     0x000032ce       0x12 C:\cypaseer\PSoC Creator\3.2\PSoC Creator\psoc\content\cycomponentlibrary\CyComponentLibrary.cylib\BLE_v2_0\Library\gccCyBLEStack_BLE_SOC_PERIPHERAL.a(ll.o)
                0x000032ce                ll_reset

i.ll_update_active_features
                0x000032e0       0x58
 i.ll_update_active_features
                0x000032e0       0x58 C:\cypaseer\PSoC Creator\3.2\PSoC Creator\psoc\content\cycomponentlibrary\CyComponentLibrary.cylib\BLE_v2_0\Library\gccCyBLEStack_BLE_SOC_PERIPHERAL.a(ll.o)
                0x000032e0                ll_update_active_features

i.ll_update_device_fsm
                0x00003338        0x8
 i.ll_update_device_fsm
                0x00003338        0x8 C:\cypaseer\PSoC Creator\3.2\PSoC Creator\psoc\content\cycomponentlibrary\CyComponentLibrary.cylib\BLE_v2_0\Library\gccCyBLEStack_BLE_SOC_PERIPHERAL.a(ll.o)
                0x00003338                ll_update_device_fsm

i.pf_le_start_timer
                0x00003340       0x16
 i.pf_le_start_timer
                0x00003340       0x16 C:\cypaseer\PSoC Creator\3.2\PSoC Creator\psoc\content\cycomponentlibrary\CyComponentLibrary.cylib\BLE_v2_0\Library\gccCyBLEStack_BLE_SOC_PERIPHERAL.a(ll.o)
                0x00003340                pf_le_start_timer

i.pf_le_stop_timer
                0x00003356       0x12
 i.pf_le_stop_timer
                0x00003356       0x12 C:\cypaseer\PSoC Creator\3.2\PSoC Creator\psoc\content\cycomponentlibrary\CyComponentLibrary.cylib\BLE_v2_0\Library\gccCyBLEStack_BLE_SOC_PERIPHERAL.a(ll.o)
                0x00003356                pf_le_stop_timer

i.CyBleControllerIP_TuneAdvEventInterPktSlots
                0x00003368       0x44
 i.CyBleControllerIP_TuneAdvEventInterPktSlots
                0x00003368       0x44 C:\cypaseer\PSoC Creator\3.2\PSoC Creator\psoc\content\cycomponentlibrary\CyComponentLibrary.cylib\BLE_v2_0\Library\gccCyBLEStack_BLE_SOC_PERIPHERAL.a(ll_advertiser.o)
                0x00003368                CyBleControllerIP_TuneAdvEventInterPktSlots

i.ll_adv_is_configured_connection_adv
                0x000033ac       0x1e
 i.ll_adv_is_configured_connection_adv
                0x000033ac       0x1e C:\cypaseer\PSoC Creator\3.2\PSoC Creator\psoc\content\cycomponentlibrary\CyComponentLibrary.cylib\BLE_v2_0\Library\gccCyBLEStack_BLE_SOC_PERIPHERAL.a(ll_advertiser.o)
                0x000033ac                ll_adv_is_configured_connection_adv

i.ll_check_random_address_in_use_by_advertiser
                0x000033ca       0x10
 i.ll_check_random_address_in_use_by_advertiser
                0x000033ca       0x10 C:\cypaseer\PSoC Creator\3.2\PSoC Creator\psoc\content\cycomponentlibrary\CyComponentLibrary.cylib\BLE_v2_0\Library\gccCyBLEStack_BLE_SOC_PERIPHERAL.a(ll_advertiser.o)
                0x000033ca                ll_check_random_address_in_use_by_advertiser

i.ll_check_whitelist_in_use_by_advertiser
                0x000033da       0x10
 i.ll_check_whitelist_in_use_by_advertiser
                0x000033da       0x10 C:\cypaseer\PSoC Creator\3.2\PSoC Creator\psoc\content\cycomponentlibrary\CyComponentLibrary.cylib\BLE_v2_0\Library\gccCyBLEStack_BLE_SOC_PERIPHERAL.a(ll_advertiser.o)
                0x000033da                ll_check_whitelist_in_use_by_advertiser

i.ll_get_adv_status
                0x000033ea        0xc
 i.ll_get_adv_status
                0x000033ea        0xc C:\cypaseer\PSoC Creator\3.2\PSoC Creator\psoc\content\cycomponentlibrary\CyComponentLibrary.cylib\BLE_v2_0\Library\gccCyBLEStack_BLE_SOC_PERIPHERAL.a(ll_advertiser.o)
                0x000033ea                ll_get_adv_status

i.ll_get_adv_type
                0x000033f6       0x16
 i.ll_get_adv_type
                0x000033f6       0x16 C:\cypaseer\PSoC Creator\3.2\PSoC Creator\psoc\content\cycomponentlibrary\CyComponentLibrary.cylib\BLE_v2_0\Library\gccCyBLEStack_BLE_SOC_PERIPHERAL.a(ll_advertiser.o)
                0x000033f6                ll_get_adv_type

i.ll_handle_adv_intr
                0x0000340c       0x50
 i.ll_handle_adv_intr
                0x0000340c       0x50 C:\cypaseer\PSoC Creator\3.2\PSoC Creator\psoc\content\cycomponentlibrary\CyComponentLibrary.cylib\BLE_v2_0\Library\gccCyBLEStack_BLE_SOC_PERIPHERAL.a(ll_advertiser.o)
                0x0000340c                ll_handle_adv_intr

i.ll_handle_set_adv_data
                0x0000345c       0x14
 i.ll_handle_set_adv_data
                0x0000345c       0x14 C:\cypaseer\PSoC Creator\3.2\PSoC Creator\psoc\content\cycomponentlibrary\CyComponentLibrary.cylib\BLE_v2_0\Library\gccCyBLEStack_BLE_SOC_PERIPHERAL.a(ll_advertiser.o)
                0x0000345c                ll_handle_set_adv_data

i.ll_handle_set_adv_parameters
                0x00003470       0x84
 i.ll_handle_set_adv_parameters
                0x00003470       0x84 C:\cypaseer\PSoC Creator\3.2\PSoC Creator\psoc\content\cycomponentlibrary\CyComponentLibrary.cylib\BLE_v2_0\Library\gccCyBLEStack_BLE_SOC_PERIPHERAL.a(ll_advertiser.o)
                0x00003470                ll_handle_set_adv_parameters

i.ll_handle_set_advertise_enable
                0x000034f4       0x70
 i.ll_handle_set_advertise_enable
                0x000034f4       0x70 C:\cypaseer\PSoC Creator\3.2\PSoC Creator\psoc\content\cycomponentlibrary\CyComponentLibrary.cylib\BLE_v2_0\Library\gccCyBLEStack_BLE_SOC_PERIPHERAL.a(ll_advertiser.o)
                0x000034f4                ll_handle_set_advertise_enable

i.ll_handle_set_scan_resp_data
                0x00003564       0x14
 i.ll_handle_set_scan_resp_data
                0x00003564       0x14 C:\cypaseer\PSoC Creator\3.2\PSoC Creator\psoc\content\cycomponentlibrary\CyComponentLibrary.cylib\BLE_v2_0\Library\gccCyBLEStack_BLE_SOC_PERIPHERAL.a(ll_advertiser.o)
                0x00003564                ll_handle_set_scan_resp_data

i.ll_init_advertiser
                0x00003578       0x68
 i.ll_init_advertiser
                0x00003578       0x68 C:\cypaseer\PSoC Creator\3.2\PSoC Creator\psoc\content\cycomponentlibrary\CyComponentLibrary.cylib\BLE_v2_0\Library\gccCyBLEStack_BLE_SOC_PERIPHERAL.a(ll_advertiser.o)
                0x00003578                ll_init_advertiser

i.is_le_connection_handle
                0x000035e0       0x28
 i.is_le_connection_handle
                0x000035e0       0x28 C:\cypaseer\PSoC Creator\3.2\PSoC Creator\psoc\content\cycomponentlibrary\CyComponentLibrary.cylib\BLE_v2_0\Library\gccCyBLEStack_BLE_SOC_PERIPHERAL.a(ll_connection.o)
                0x000035e0                is_le_connection_handle

i.le_assign_connection_handle
                0x00003608       0x28
 i.le_assign_connection_handle
                0x00003608       0x28 C:\cypaseer\PSoC Creator\3.2\PSoC Creator\psoc\content\cycomponentlibrary\CyComponentLibrary.cylib\BLE_v2_0\Library\gccCyBLEStack_BLE_SOC_PERIPHERAL.a(ll_connection.o)
                0x00003608                le_assign_connection_handle

i.le_get_connection_index
                0x00003630        0x6
 i.le_get_connection_index
                0x00003630        0x6 C:\cypaseer\PSoC Creator\3.2\PSoC Creator\psoc\content\cycomponentlibrary\CyComponentLibrary.cylib\BLE_v2_0\Library\gccCyBLEStack_BLE_SOC_PERIPHERAL.a(ll_connection.o)
                0x00003630                le_get_connection_index

i.ll_allocate_connection
                0x00003638       0x44
 i.ll_allocate_connection
                0x00003638       0x44 C:\cypaseer\PSoC Creator\3.2\PSoC Creator\psoc\content\cycomponentlibrary\CyComponentLibrary.cylib\BLE_v2_0\Library\gccCyBLEStack_BLE_SOC_PERIPHERAL.a(ll_connection.o)
                0x00003638                ll_allocate_connection

i.ll_calculate_and_program_def_win_widen_drift
                0x0000367c       0x14
 i.ll_calculate_and_program_def_win_widen_drift
                0x0000367c       0x14 C:\cypaseer\PSoC Creator\3.2\PSoC Creator\psoc\content\cycomponentlibrary\CyComponentLibrary.cylib\BLE_v2_0\Library\gccCyBLEStack_BLE_SOC_PERIPHERAL.a(ll_connection.o)
                0x0000367c                ll_calculate_and_program_def_win_widen_drift

i.ll_calculate_drift
                0x00003690       0x2c
 i.ll_calculate_drift
                0x00003690       0x2c C:\cypaseer\PSoC Creator\3.2\PSoC Creator\psoc\content\cycomponentlibrary\CyComponentLibrary.cylib\BLE_v2_0\Library\gccCyBLEStack_BLE_SOC_PERIPHERAL.a(ll_connection.o)
                0x00003690                ll_calculate_drift

i.ll_check_and_decrypt_ll_pdu
                0x000036bc       0x68
 i.ll_check_and_decrypt_ll_pdu
                0x000036bc       0x68 C:\cypaseer\PSoC Creator\3.2\PSoC Creator\psoc\content\cycomponentlibrary\CyComponentLibrary.cylib\BLE_v2_0\Library\gccCyBLEStack_BLE_SOC_PERIPHERAL.a(ll_connection.o)
                0x000036bc                ll_check_and_decrypt_ll_pdu

i.ll_check_and_decrypt_packet
                0x00003724       0x6a
 i.ll_check_and_decrypt_packet
                0x00003724       0x6a C:\cypaseer\PSoC Creator\3.2\PSoC Creator\psoc\content\cycomponentlibrary\CyComponentLibrary.cylib\BLE_v2_0\Library\gccCyBLEStack_BLE_SOC_PERIPHERAL.a(ll_connection.o)
                0x00003724                ll_check_and_decrypt_packet

i.ll_check_and_encrypt_ll_pdu
                0x0000378e       0x72
 i.ll_check_and_encrypt_ll_pdu
                0x0000378e       0x72 C:\cypaseer\PSoC Creator\3.2\PSoC Creator\psoc\content\cycomponentlibrary\CyComponentLibrary.cylib\BLE_v2_0\Library\gccCyBLEStack_BLE_SOC_PERIPHERAL.a(ll_connection.o)
                0x0000378e                ll_check_and_encrypt_ll_pdu

i.ll_check_and_encrypt_packet
                0x00003800       0x8a
 i.ll_check_and_encrypt_packet
                0x00003800       0x8a C:\cypaseer\PSoC Creator\3.2\PSoC Creator\psoc\content\cycomponentlibrary\CyComponentLibrary.cylib\BLE_v2_0\Library\gccCyBLEStack_BLE_SOC_PERIPHERAL.a(ll_connection.o)
                0x00003800                ll_check_and_encrypt_packet

i.ll_check_for_allowing_incoming_connection_update
                0x0000388a       0x42
 i.ll_check_for_allowing_incoming_connection_update
                0x0000388a       0x42 C:\cypaseer\PSoC Creator\3.2\PSoC Creator\psoc\content\cycomponentlibrary\CyComponentLibrary.cylib\BLE_v2_0\Library\gccCyBLEStack_BLE_SOC_PERIPHERAL.a(ll_connection.o)
                0x0000388a                ll_check_for_allowing_incoming_connection_update

i.ll_check_if_pdu_is_loaded_to_hardware
                0x000038cc       0x1c
 i.ll_check_if_pdu_is_loaded_to_hardware
                0x000038cc       0x1c C:\cypaseer\PSoC Creator\3.2\PSoC Creator\psoc\content\cycomponentlibrary\CyComponentLibrary.cylib\BLE_v2_0\Library\gccCyBLEStack_BLE_SOC_PERIPHERAL.a(ll_connection.o)
                0x000038cc                ll_check_if_pdu_is_loaded_to_hardware

i.ll_check_random_address_in_use_by_initiator
                0x000038e8       0x30
 i.ll_check_random_address_in_use_by_initiator
                0x000038e8       0x30 C:\cypaseer\PSoC Creator\3.2\PSoC Creator\psoc\content\cycomponentlibrary\CyComponentLibrary.cylib\BLE_v2_0\Library\gccCyBLEStack_BLE_SOC_PERIPHERAL.a(ll_connection.o)
                0x000038e8                ll_check_random_address_in_use_by_initiator

i.ll_check_white_list_in_use_by_initiator
                0x00003918       0x30
 i.ll_check_white_list_in_use_by_initiator
                0x00003918       0x30 C:\cypaseer\PSoC Creator\3.2\PSoC Creator\psoc\content\cycomponentlibrary\CyComponentLibrary.cylib\BLE_v2_0\Library\gccCyBLEStack_BLE_SOC_PERIPHERAL.a(ll_connection.o)
                0x00003918                ll_check_white_list_in_use_by_initiator

i.ll_conn_free_enc_txn_buffer
                0x00003948       0x16
 i.ll_conn_free_enc_txn_buffer
                0x00003948       0x16 C:\cypaseer\PSoC Creator\3.2\PSoC Creator\psoc\content\cycomponentlibrary\CyComponentLibrary.cylib\BLE_v2_0\Library\gccCyBLEStack_BLE_SOC_PERIPHERAL.a(ll_connection.o)
                0x00003948                ll_conn_free_enc_txn_buffer

i.ll_conn_fsm_update_channel_state
                0x0000395e        0x6
 i.ll_conn_fsm_update_channel_state
                0x0000395e        0x6 C:\cypaseer\PSoC Creator\3.2\PSoC Creator\psoc\content\cycomponentlibrary\CyComponentLibrary.cylib\BLE_v2_0\Library\gccCyBLEStack_BLE_SOC_PERIPHERAL.a(ll_connection.o)
                0x0000395e                ll_conn_fsm_update_channel_state

i.ll_conn_fsm_update_conn_update_state
                0x00003964        0x6
 i.ll_conn_fsm_update_conn_update_state
                0x00003964        0x6 C:\cypaseer\PSoC Creator\3.2\PSoC Creator\psoc\content\cycomponentlibrary\CyComponentLibrary.cylib\BLE_v2_0\Library\gccCyBLEStack_BLE_SOC_PERIPHERAL.a(ll_connection.o)
                0x00003964                ll_conn_fsm_update_conn_update_state

i.ll_conn_fsm_update_enc_state
                0x0000396a        0x6
 i.ll_conn_fsm_update_enc_state
                0x0000396a        0x6 C:\cypaseer\PSoC Creator\3.2\PSoC Creator\psoc\content\cycomponentlibrary\CyComponentLibrary.cylib\BLE_v2_0\Library\gccCyBLEStack_BLE_SOC_PERIPHERAL.a(ll_connection.o)
                0x0000396a                ll_conn_fsm_update_enc_state

i.ll_conn_fsm_update_state
                0x00003970        0x4
 i.ll_conn_fsm_update_state
                0x00003970        0x4 C:\cypaseer\PSoC Creator\3.2\PSoC Creator\psoc\content\cycomponentlibrary\CyComponentLibrary.cylib\BLE_v2_0\Library\gccCyBLEStack_BLE_SOC_PERIPHERAL.a(ll_connection.o)
                0x00003970                ll_conn_fsm_update_state

i.ll_conn_handle_data_pdu_from_host_when_data_paused
                0x00003974        0x8
 i.ll_conn_handle_data_pdu_from_host_when_data_paused
                0x00003974        0x8 C:\cypaseer\PSoC Creator\3.2\PSoC Creator\psoc\content\cycomponentlibrary\CyComponentLibrary.cylib\BLE_v2_0\Library\gccCyBLEStack_BLE_SOC_PERIPHERAL.a(ll_connection.o)
                0x00003974                ll_conn_handle_data_pdu_from_host_when_data_paused

i.ll_conn_handle_direct_adv_timeout
                0x0000397c       0x2a
 i.ll_conn_handle_direct_adv_timeout
                0x0000397c       0x2a C:\cypaseer\PSoC Creator\3.2\PSoC Creator\psoc\content\cycomponentlibrary\CyComponentLibrary.cylib\BLE_v2_0\Library\gccCyBLEStack_BLE_SOC_PERIPHERAL.a(ll_connection.o)
                0x0000397c                ll_conn_handle_direct_adv_timeout

i.ll_conn_handle_ping_timer_expired_interrupt
                0x000039a8       0x1c
 i.ll_conn_handle_ping_timer_expired_interrupt
                0x000039a8       0x1c C:\cypaseer\PSoC Creator\3.2\PSoC Creator\psoc\content\cycomponentlibrary\CyComponentLibrary.cylib\BLE_v2_0\Library\gccCyBLEStack_BLE_SOC_PERIPHERAL.a(ll_connection.o)
                0x000039a8                ll_conn_handle_ping_timer_expired_interrupt

i.ll_conn_handle_ping_timer_nearly_expired_interrupt
                0x000039c4       0x20
 i.ll_conn_handle_ping_timer_nearly_expired_interrupt
                0x000039c4       0x20 C:\cypaseer\PSoC Creator\3.2\PSoC Creator\psoc\content\cycomponentlibrary\CyComponentLibrary.cylib\BLE_v2_0\Library\gccCyBLEStack_BLE_SOC_PERIPHERAL.a(ll_connection.o)
                0x000039c4                ll_conn_handle_ping_timer_nearly_expired_interrupt

i.ll_conn_handle_stop_connectable_adv
                0x000039e4       0x12
 i.ll_conn_handle_stop_connectable_adv
                0x000039e4       0x12 C:\cypaseer\PSoC Creator\3.2\PSoC Creator\psoc\content\cycomponentlibrary\CyComponentLibrary.cylib\BLE_v2_0\Library\gccCyBLEStack_BLE_SOC_PERIPHERAL.a(ll_connection.o)
                0x000039e4                ll_conn_handle_stop_connectable_adv

i.ll_conn_process_pending_transactions
                0x000039f6        0x4
 i.ll_conn_process_pending_transactions
                0x000039f6        0x4 C:\cypaseer\PSoC Creator\3.2\PSoC Creator\psoc\content\cycomponentlibrary\CyComponentLibrary.cylib\BLE_v2_0\Library\gccCyBLEStack_BLE_SOC_PERIPHERAL.a(ll_connection.o)
                0x000039f6                ll_conn_process_pending_transactions

i.ll_conn_program_authenticated_payload_timer
                0x000039fc       0x50
 i.ll_conn_program_authenticated_payload_timer
                0x000039fc       0x50 C:\cypaseer\PSoC Creator\3.2\PSoC Creator\psoc\content\cycomponentlibrary\CyComponentLibrary.cylib\BLE_v2_0\Library\gccCyBLEStack_BLE_SOC_PERIPHERAL.a(ll_connection.o)
                0x000039fc                ll_conn_program_authenticated_payload_timer

i.ll_conn_read_data_pdu_from_hardware
                0x00003a4c       0x14
 i.ll_conn_read_data_pdu_from_hardware
                0x00003a4c       0x14 C:\cypaseer\PSoC Creator\3.2\PSoC Creator\psoc\content\cycomponentlibrary\CyComponentLibrary.cylib\BLE_v2_0\Library\gccCyBLEStack_BLE_SOC_PERIPHERAL.a(ll_connection.o)
                0x00003a4c                ll_conn_read_data_pdu_from_hardware

i.ll_conn_send_ping_req_pdu
                0x00003a60       0x40
 i.ll_conn_send_ping_req_pdu
                0x00003a60       0x40 C:\cypaseer\PSoC Creator\3.2\PSoC Creator\psoc\content\cycomponentlibrary\CyComponentLibrary.cylib\BLE_v2_0\Library\gccCyBLEStack_BLE_SOC_PERIPHERAL.a(ll_connection.o)
                0x00003a60                ll_conn_send_ping_req_pdu

i.ll_conn_store_pending_tx_pdu
                0x00003aa0       0x1a
 i.ll_conn_store_pending_tx_pdu
                0x00003aa0       0x1a C:\cypaseer\PSoC Creator\3.2\PSoC Creator\psoc\content\cycomponentlibrary\CyComponentLibrary.cylib\BLE_v2_0\Library\gccCyBLEStack_BLE_SOC_PERIPHERAL.a(ll_connection.o)
                0x00003aa0                ll_conn_store_pending_tx_pdu

i.ll_conn_update_rssi
                0x00003aba       0x16
 i.ll_conn_update_rssi
                0x00003aba       0x16 C:\cypaseer\PSoC Creator\3.2\PSoC Creator\psoc\content\cycomponentlibrary\CyComponentLibrary.cylib\BLE_v2_0\Library\gccCyBLEStack_BLE_SOC_PERIPHERAL.a(ll_connection.o)
                0x00003aba                ll_conn_update_rssi

i.ll_convert_hci_llid_to_ll_llid_host_to_controller
                0x00003ad0        0x8
 i.ll_convert_hci_llid_to_ll_llid_host_to_controller
                0x00003ad0        0x8 C:\cypaseer\PSoC Creator\3.2\PSoC Creator\psoc\content\cycomponentlibrary\CyComponentLibrary.cylib\BLE_v2_0\Library\gccCyBLEStack_BLE_SOC_PERIPHERAL.a(ll_connection.o)
                0x00003ad0                ll_convert_hci_llid_to_ll_llid_host_to_controller

i.ll_convert_ll_llid_to_hci_llid_controller_to_host
                0x00003ad8        0x2
 i.ll_convert_ll_llid_to_hci_llid_controller_to_host
                0x00003ad8        0x2 C:\cypaseer\PSoC Creator\3.2\PSoC Creator\psoc\content\cycomponentlibrary\CyComponentLibrary.cylib\BLE_v2_0\Library\gccCyBLEStack_BLE_SOC_PERIPHERAL.a(ll_connection.o)
                0x00003ad8                ll_convert_ll_llid_to_hci_llid_controller_to_host

i.ll_decode_and_program_connect_req
                0x00003adc       0xec
 i.ll_decode_and_program_connect_req
                0x00003adc       0xec C:\cypaseer\PSoC Creator\3.2\PSoC Creator\psoc\content\cycomponentlibrary\CyComponentLibrary.cylib\BLE_v2_0\Library\gccCyBLEStack_BLE_SOC_PERIPHERAL.a(ll_connection.o)
                0x00003adc                ll_decode_and_program_connect_req

i.ll_enc_fsm_derive_session_key
                0x00003bc8       0x46
 i.ll_enc_fsm_derive_session_key
                0x00003bc8       0x46 C:\cypaseer\PSoC Creator\3.2\PSoC Creator\psoc\content\cycomponentlibrary\CyComponentLibrary.cylib\BLE_v2_0\Library\gccCyBLEStack_BLE_SOC_PERIPHERAL.a(ll_connection.o)
                0x00003bc8                ll_enc_fsm_derive_session_key

i.ll_enc_handle_enc_complete
                0x00003c0e       0x68
 i.ll_enc_handle_enc_complete
                0x00003c0e       0x68 C:\cypaseer\PSoC Creator\3.2\PSoC Creator\psoc\content\cycomponentlibrary\CyComponentLibrary.cylib\BLE_v2_0\Library\gccCyBLEStack_BLE_SOC_PERIPHERAL.a(ll_connection.o)
                0x00003c0e                ll_enc_handle_enc_complete

i.ll_enc_handle_enc_failure
                0x00003c78       0xa4
 i.ll_enc_handle_enc_failure
                0x00003c78       0xa4 C:\cypaseer\PSoC Creator\3.2\PSoC Creator\psoc\content\cycomponentlibrary\CyComponentLibrary.cylib\BLE_v2_0\Library\gccCyBLEStack_BLE_SOC_PERIPHERAL.a(ll_connection.o)
                0x00003c78                ll_enc_handle_enc_failure

i.ll_enc_handle_ll_reject_pdu_cb
                0x00003d1c       0x24
 i.ll_enc_handle_ll_reject_pdu_cb
                0x00003d1c       0x24 C:\cypaseer\PSoC Creator\3.2\PSoC Creator\psoc\content\cycomponentlibrary\CyComponentLibrary.cylib\BLE_v2_0\Library\gccCyBLEStack_BLE_SOC_PERIPHERAL.a(ll_connection.o)
                0x00003d1c                ll_enc_handle_ll_reject_pdu_cb

i.ll_enc_handle_ll_terminate_pdu
                0x00003d40       0x16
 i.ll_enc_handle_ll_terminate_pdu
                0x00003d40       0x16 C:\cypaseer\PSoC Creator\3.2\PSoC Creator\psoc\content\cycomponentlibrary\CyComponentLibrary.cylib\BLE_v2_0\Library\gccCyBLEStack_BLE_SOC_PERIPHERAL.a(ll_connection.o)
                0x00003d40                ll_enc_handle_ll_terminate_pdu

i.ll_enc_handle_ll_unknown_resp_pdu_cb
                0x00003d56       0x24
 i.ll_enc_handle_ll_unknown_resp_pdu_cb
                0x00003d56       0x24 C:\cypaseer\PSoC Creator\3.2\PSoC Creator\psoc\content\cycomponentlibrary\CyComponentLibrary.cylib\BLE_v2_0\Library\gccCyBLEStack_BLE_SOC_PERIPHERAL.a(ll_connection.o)
                0x00003d56                ll_enc_handle_ll_unknown_resp_pdu_cb

i.ll_enc_handle_slave_await_to_start_cb
                0x00003d7c       0x80
 i.ll_enc_handle_slave_await_to_start_cb
                0x00003d7c       0x80 C:\cypaseer\PSoC Creator\3.2\PSoC Creator\psoc\content\cycomponentlibrary\CyComponentLibrary.cylib\BLE_v2_0\Library\gccCyBLEStack_BLE_SOC_PERIPHERAL.a(ll_connection.o)
                0x00003d7c                ll_enc_handle_slave_await_to_start_cb

i.ll_enc_handle_slave_enc_resp_ack_cb
                0x00003dfc       0x28
 i.ll_enc_handle_slave_enc_resp_ack_cb
                0x00003dfc       0x28 C:\cypaseer\PSoC Creator\3.2\PSoC Creator\psoc\content\cycomponentlibrary\CyComponentLibrary.cylib\BLE_v2_0\Library\gccCyBLEStack_BLE_SOC_PERIPHERAL.a(ll_connection.o)
                0x00003dfc                ll_enc_handle_slave_enc_resp_ack_cb

i.ll_enc_handle_slave_ltk_neg_reply_cb
                0x00003e24       0x60
 i.ll_enc_handle_slave_ltk_neg_reply_cb
                0x00003e24       0x60 C:\cypaseer\PSoC Creator\3.2\PSoC Creator\psoc\content\cycomponentlibrary\CyComponentLibrary.cylib\BLE_v2_0\Library\gccCyBLEStack_BLE_SOC_PERIPHERAL.a(ll_connection.o)
                0x00003e24                ll_enc_handle_slave_ltk_neg_reply_cb

i.ll_enc_handle_slave_pause_enc_req_cb
                0x00003e84       0x46
 i.ll_enc_handle_slave_pause_enc_req_cb
                0x00003e84       0x46 C:\cypaseer\PSoC Creator\3.2\PSoC Creator\psoc\content\cycomponentlibrary\CyComponentLibrary.cylib\BLE_v2_0\Library\gccCyBLEStack_BLE_SOC_PERIPHERAL.a(ll_connection.o)
                0x00003e84                ll_enc_handle_slave_pause_enc_req_cb

i.ll_enc_handle_slave_pause_enc_resp_cb
                0x00003eca       0x10
 i.ll_enc_handle_slave_pause_enc_resp_cb
                0x00003eca       0x10 C:\cypaseer\PSoC Creator\3.2\PSoC Creator\psoc\content\cycomponentlibrary\CyComponentLibrary.cylib\BLE_v2_0\Library\gccCyBLEStack_BLE_SOC_PERIPHERAL.a(ll_connection.o)
                0x00003eca                ll_enc_handle_slave_pause_enc_resp_cb

i.ll_enc_handle_slave_reject_ind_ack_cb
                0x00003eda       0x22
 i.ll_enc_handle_slave_reject_ind_ack_cb
                0x00003eda       0x22 C:\cypaseer\PSoC Creator\3.2\PSoC Creator\psoc\content\cycomponentlibrary\CyComponentLibrary.cylib\BLE_v2_0\Library\gccCyBLEStack_BLE_SOC_PERIPHERAL.a(ll_connection.o)
                0x00003eda                ll_enc_handle_slave_reject_ind_ack_cb

i.ll_enc_handle_slave_start_enc_resp_ack_cb
                0x00003efc        0x8
 i.ll_enc_handle_slave_start_enc_resp_ack_cb
                0x00003efc        0x8 C:\cypaseer\PSoC Creator\3.2\PSoC Creator\psoc\content\cycomponentlibrary\CyComponentLibrary.cylib\BLE_v2_0\Library\gccCyBLEStack_BLE_SOC_PERIPHERAL.a(ll_connection.o)
                0x00003efc                ll_enc_handle_slave_start_enc_resp_ack_cb

i.ll_enc_handle_slave_start_enc_resp_cb
                0x00003f04       0x34
 i.ll_enc_handle_slave_start_enc_resp_cb
                0x00003f04       0x34 C:\cypaseer\PSoC Creator\3.2\PSoC Creator\psoc\content\cycomponentlibrary\CyComponentLibrary.cylib\BLE_v2_0\Library\gccCyBLEStack_BLE_SOC_PERIPHERAL.a(ll_connection.o)
                0x00003f04                ll_enc_handle_slave_start_enc_resp_cb

i.ll_enc_send_start_encryption_request
                0x00003f38       0x38
 i.ll_enc_send_start_encryption_request
                0x00003f38       0x38 C:\cypaseer\PSoC Creator\3.2\PSoC Creator\psoc\content\cycomponentlibrary\CyComponentLibrary.cylib\BLE_v2_0\Library\gccCyBLEStack_BLE_SOC_PERIPHERAL.a(ll_connection.o)
                0x00003f38                ll_enc_send_start_encryption_request

i.ll_extract_pdu_opcode
                0x00003f70        0x4
 i.ll_extract_pdu_opcode
                0x00003f70        0x4 C:\cypaseer\PSoC Creator\3.2\PSoC Creator\psoc\content\cycomponentlibrary\CyComponentLibrary.cylib\BLE_v2_0\Library\gccCyBLEStack_BLE_SOC_PERIPHERAL.a(ll_connection.o)
                0x00003f70                ll_extract_pdu_opcode

i.ll_fsm_handle_conn_established_ind
                0x00003f74       0x7c
 i.ll_fsm_handle_conn_established_ind
                0x00003f74       0x7c C:\cypaseer\PSoC Creator\3.2\PSoC Creator\psoc\content\cycomponentlibrary\CyComponentLibrary.cylib\BLE_v2_0\Library\gccCyBLEStack_BLE_SOC_PERIPHERAL.a(ll_connection.o)
                0x00003f74                ll_fsm_handle_conn_established_ind

i.ll_fsm_handle_conn_failure_ind
                0x00003ff0        0xc
 i.ll_fsm_handle_conn_failure_ind
                0x00003ff0        0xc C:\cypaseer\PSoC Creator\3.2\PSoC Creator\psoc\content\cycomponentlibrary\CyComponentLibrary.cylib\BLE_v2_0\Library\gccCyBLEStack_BLE_SOC_PERIPHERAL.a(ll_connection.o)
                0x00003ff0                ll_fsm_handle_conn_failure_ind

i.ll_fsm_handle_disconnecting_state
                0x00003ffc       0x16
 i.ll_fsm_handle_disconnecting_state
                0x00003ffc       0x16 C:\cypaseer\PSoC Creator\3.2\PSoC Creator\psoc\content\cycomponentlibrary\CyComponentLibrary.cylib\BLE_v2_0\Library\gccCyBLEStack_BLE_SOC_PERIPHERAL.a(ll_connection.o)
                0x00003ffc                ll_fsm_handle_disconnecting_state

i.ll_fsm_handle_end_of_conn_interval
                0x00004014       0x30
 i.ll_fsm_handle_end_of_conn_interval
                0x00004014       0x30 C:\cypaseer\PSoC Creator\3.2\PSoC Creator\psoc\content\cycomponentlibrary\CyComponentLibrary.cylib\BLE_v2_0\Library\gccCyBLEStack_BLE_SOC_PERIPHERAL.a(ll_connection.o)
                0x00004014                ll_fsm_handle_end_of_conn_interval

i.ll_fsm_handle_pdu_response_timeout
                0x00004044       0x20
 i.ll_fsm_handle_pdu_response_timeout
                0x00004044       0x20 C:\cypaseer\PSoC Creator\3.2\PSoC Creator\psoc\content\cycomponentlibrary\CyComponentLibrary.cylib\BLE_v2_0\Library\gccCyBLEStack_BLE_SOC_PERIPHERAL.a(ll_connection.o)
                0x00004044                ll_fsm_handle_pdu_response_timeout

i.ll_fsm_handle_sup_timeout_ind
                0x00004064       0x22
 i.ll_fsm_handle_sup_timeout_ind
                0x00004064       0x22 C:\cypaseer\PSoC Creator\3.2\PSoC Creator\psoc\content\cycomponentlibrary\CyComponentLibrary.cylib\BLE_v2_0\Library\gccCyBLEStack_BLE_SOC_PERIPHERAL.a(ll_connection.o)
                0x00004064                ll_fsm_handle_sup_timeout_ind

i.ll_fsm_move_to_disconnected_state
                0x00004086       0x94
 i.ll_fsm_move_to_disconnected_state
                0x00004086       0x94 C:\cypaseer\PSoC Creator\3.2\PSoC Creator\psoc\content\cycomponentlibrary\CyComponentLibrary.cylib\BLE_v2_0\Library\gccCyBLEStack_BLE_SOC_PERIPHERAL.a(ll_connection.o)
                0x00004086                ll_fsm_move_to_disconnected_state

i.ll_generate_connection_complete
                0x0000411a       0x62
 i.ll_generate_connection_complete
                0x0000411a       0x62 C:\cypaseer\PSoC Creator\3.2\PSoC Creator\psoc\content\cycomponentlibrary\CyComponentLibrary.cylib\BLE_v2_0\Library\gccCyBLEStack_BLE_SOC_PERIPHERAL.a(ll_connection.o)
                0x0000411a                ll_generate_connection_complete

i.ll_generate_disconnection_complete
                0x0000417c        0xe
 i.ll_generate_disconnection_complete
                0x0000417c        0xe C:\cypaseer\PSoC Creator\3.2\PSoC Creator\psoc\content\cycomponentlibrary\CyComponentLibrary.cylib\BLE_v2_0\Library\gccCyBLEStack_BLE_SOC_PERIPHERAL.a(ll_connection.o)
                0x0000417c                ll_generate_disconnection_complete

i.ll_generate_random_number
                0x0000418a        0x8
 i.ll_generate_random_number
                0x0000418a        0x8 C:\cypaseer\PSoC Creator\3.2\PSoC Creator\psoc\content\cycomponentlibrary\CyComponentLibrary.cylib\BLE_v2_0\Library\gccCyBLEStack_BLE_SOC_PERIPHERAL.a(ll_connection.o)
                0x0000418a                ll_generate_random_number

i.ll_get_connection_entity
                0x00004194       0x24
 i.ll_get_connection_entity
                0x00004194       0x24 C:\cypaseer\PSoC Creator\3.2\PSoC Creator\psoc\content\cycomponentlibrary\CyComponentLibrary.cylib\BLE_v2_0\Library\gccCyBLEStack_BLE_SOC_PERIPHERAL.a(ll_connection.o)
                0x00004194                ll_get_connection_entity

i.ll_get_enc_txn_info
                0x000041b8       0x1e
 i.ll_get_enc_txn_info
                0x000041b8       0x1e C:\cypaseer\PSoC Creator\3.2\PSoC Creator\psoc\content\cycomponentlibrary\CyComponentLibrary.cylib\BLE_v2_0\Library\gccCyBLEStack_BLE_SOC_PERIPHERAL.a(ll_connection.o)
                0x000041b8                ll_get_enc_txn_info

i.ll_get_next_pdu_tx_fifo_index
                0x000041d8       0x28
 i.ll_get_next_pdu_tx_fifo_index
                0x000041d8       0x28 C:\cypaseer\PSoC Creator\3.2\PSoC Creator\psoc\content\cycomponentlibrary\CyComponentLibrary.cylib\BLE_v2_0\Library\gccCyBLEStack_BLE_SOC_PERIPHERAL.a(ll_connection.o)
                0x000041d8                ll_get_next_pdu_tx_fifo_index

i.ll_handle_ack_for_pause_tx_data
                0x00004200       0x38
 i.ll_handle_ack_for_pause_tx_data
                0x00004200       0x38 C:\cypaseer\PSoC Creator\3.2\PSoC Creator\psoc\content\cycomponentlibrary\CyComponentLibrary.cylib\BLE_v2_0\Library\gccCyBLEStack_BLE_SOC_PERIPHERAL.a(ll_connection.o)
                0x00004200                ll_handle_ack_for_pause_tx_data

i.ll_handle_acl_tx_complete
                0x00004238       0x44
 i.ll_handle_acl_tx_complete
                0x00004238       0x44 C:\cypaseer\PSoC Creator\3.2\PSoC Creator\psoc\content\cycomponentlibrary\CyComponentLibrary.cylib\BLE_v2_0\Library\gccCyBLEStack_BLE_SOC_PERIPHERAL.a(ll_connection.o)
                0x00004238                ll_handle_acl_tx_complete

i.ll_handle_conn_created_ind
                0x0000427c        0x2
 i.ll_handle_conn_created_ind
                0x0000427c        0x2 C:\cypaseer\PSoC Creator\3.2\PSoC Creator\psoc\content\cycomponentlibrary\CyComponentLibrary.cylib\BLE_v2_0\Library\gccCyBLEStack_BLE_SOC_PERIPHERAL.a(ll_connection.o)
                0x0000427c                ll_handle_conn_created_ind

i.ll_handle_conn_established_ind